Component: ARM Compiler 5.06 update 5 (build 528) Tool: armlink [4d35e2]

==============================================================================

Section Cross References

    startup_stm32f401xe.o(RESET) refers to startup_stm32f401xe.o(STACK) for __initial_sp
    startup_stm32f401xe.o(RESET) refers to startup_stm32f401xe.o(.text) for Reset_Handler
    startup_stm32f401xe.o(RESET) refers to stm32f4xx_it.o(i.NMI_Handler) for NMI_Handler
    startup_stm32f401xe.o(RESET) refers to stm32f4xx_it.o(i.HardFault_Handler) for HardFault_Handler
    startup_stm32f401xe.o(RESET) refers to stm32f4xx_it.o(i.MemManage_Handler) for MemManage_Handler
    startup_stm32f401xe.o(RESET) refers to stm32f4xx_it.o(i.BusFault_Handler) for BusFault_Handler
    startup_stm32f401xe.o(RESET) refers to stm32f4xx_it.o(i.UsageFault_Handler) for UsageFault_Handler
    startup_stm32f401xe.o(RESET) refers to stm32f4xx_it.o(i.SVC_Handler) for SVC_Handler
    startup_stm32f401xe.o(RESET) refers to stm32f4xx_it.o(i.DebugMon_Handler) for DebugMon_Handler
    startup_stm32f401xe.o(RESET) refers to stm32f4xx_it.o(i.PendSV_Handler) for PendSV_Handler
    startup_stm32f401xe.o(RESET) refers to stm32f4xx_it.o(i.SysTick_Handler) for SysTick_Handler
    startup_stm32f401xe.o(RESET) refers to stm32f4xx_it.o(i.I2C1_EV_IRQHandler) for I2C1_EV_IRQHandler
    startup_stm32f401xe.o(.text) refers to system_stm32f4xx.o(i.SystemInit) for SystemInit
    startup_stm32f401xe.o(.text) refers to entry.o(.ARM.Collect$$$$00000000) for __main
    oled.o(i.OLED_Clear) refers to oled.o(.bss) for .bss
    oled.o(i.OLED_ClearArea) refers to oled.o(.bss) for .bss
    oled.o(i.OLED_DrawPoint) refers to oled.o(.bss) for .bss
    oled.o(i.OLED_GetPoint) refers to oled.o(.bss) for .bss
    oled.o(i.OLED_Init) refers to oled.o(i.OLED_GPIO_Init) for OLED_GPIO_Init
    oled.o(i.OLED_Init) refers to oled.o(i.OLED_WriteCommand) for OLED_WriteCommand
    oled.o(i.OLED_Init) refers to oled.o(i.OLED_Clear) for OLED_Clear
    oled.o(i.OLED_Init) refers to oled.o(i.OLED_Update) for OLED_Update
    oled.o(i.OLED_IsInAngle) refers to dflti.o(.text) for __aeabi_i2d
    oled.o(i.OLED_IsInAngle) refers to atan2.o(i.__hardfp_atan2) for __hardfp_atan2
    oled.o(i.OLED_IsInAngle) refers to ddiv.o(.text) for __aeabi_ddiv
    oled.o(i.OLED_IsInAngle) refers to dmul.o(.text) for __aeabi_dmul
    oled.o(i.OLED_IsInAngle) refers to dfixi.o(.text) for __aeabi_d2iz
    oled.o(i.OLED_Printf) refers to printfa.o(i.__0vsprintf) for vsprintf
    oled.o(i.OLED_Printf) refers to oled.o(i.OLED_ShowString) for OLED_ShowString
    oled.o(i.OLED_Reverse) refers to oled.o(.bss) for .bss
    oled.o(i.OLED_ReverseArea) refers to oled.o(.bss) for .bss
    oled.o(i.OLED_SetCursor) refers to oled.o(i.OLED_WriteCommand) for OLED_WriteCommand
    oled.o(i.OLED_ShowBinNum) refers to oled.o(i.OLED_Pow) for OLED_Pow
    oled.o(i.OLED_ShowBinNum) refers to oled.o(i.OLED_ShowChar) for OLED_ShowChar
    oled.o(i.OLED_ShowChar) refers to oled.o(i.OLED_ShowImage) for OLED_ShowImage
    oled.o(i.OLED_ShowChar) refers to oled_data.o(.constdata) for OLED_F6x8
    oled.o(i.OLED_ShowChar) refers to oled_data.o(.constdata) for OLED_F8x16
    oled.o(i.OLED_ShowFloatNum) refers to cdrcmple.o(.text) for __aeabi_cdrcmple
    oled.o(i.OLED_ShowFloatNum) refers to oled.o(i.OLED_ShowChar) for OLED_ShowChar
    oled.o(i.OLED_ShowFloatNum) refers to dfixui.o(.text) for __aeabi_d2uiz
    oled.o(i.OLED_ShowFloatNum) refers to dfltui.o(.text) for __aeabi_ui2d
    oled.o(i.OLED_ShowFloatNum) refers to dadd.o(.text) for __aeabi_drsub
    oled.o(i.OLED_ShowFloatNum) refers to oled.o(i.OLED_Pow) for OLED_Pow
    oled.o(i.OLED_ShowFloatNum) refers to dmul.o(.text) for __aeabi_dmul
    oled.o(i.OLED_ShowFloatNum) refers to round.o(i.__hardfp_round) for __hardfp_round
    oled.o(i.OLED_ShowFloatNum) refers to oled.o(i.OLED_ShowNum) for OLED_ShowNum
    oled.o(i.OLED_ShowHexNum) refers to oled.o(i.OLED_Pow) for OLED_Pow
    oled.o(i.OLED_ShowHexNum) refers to oled.o(i.OLED_ShowChar) for OLED_ShowChar
    oled.o(i.OLED_ShowImage) refers to oled.o(i.OLED_ClearArea) for OLED_ClearArea
    oled.o(i.OLED_ShowImage) refers to oled.o(.bss) for .bss
    oled.o(i.OLED_ShowNum) refers to oled.o(i.OLED_Pow) for OLED_Pow
    oled.o(i.OLED_ShowNum) refers to oled.o(i.OLED_ShowChar) for OLED_ShowChar
    oled.o(i.OLED_ShowSignedNum) refers to oled.o(i.OLED_ShowChar) for OLED_ShowChar
    oled.o(i.OLED_ShowSignedNum) refers to oled.o(i.OLED_Pow) for OLED_Pow
    oled.o(i.OLED_ShowString) refers to oled.o(i.OLED_ShowChar) for OLED_ShowChar
    oled.o(i.OLED_Update) refers to oled.o(i.OLED_SetCursor) for OLED_SetCursor
    oled.o(i.OLED_Update) refers to oled.o(i.OLED_WriteData) for OLED_WriteData
    oled.o(i.OLED_Update) refers to oled.o(.bss) for .bss
    oled.o(i.OLED_UpdateArea) refers to oled.o(i.OLED_SetCursor) for OLED_SetCursor
    oled.o(i.OLED_UpdateArea) refers to oled.o(i.OLED_WriteData) for OLED_WriteData
[...]
    ../Drivers/STM32F4xx_HAL_Driver/Src/stm32f4xx_hal_pwr_ex.c 0x00000000   Number         0  stm32f4xx_hal_pwr_ex.o ABSOLUTE
    ../Drivers/STM32F4xx_HAL_Driver/Src/stm32f4xx_hal_rcc.c 0x00000000   Number         0  stm32f4xx_hal_rcc.o ABSOLUTE
    ../Drivers/STM32F4xx_HAL_Driver/Src/stm32f4xx_hal_rcc_ex.c 0x00000000   Number         0  stm32f4xx_hal_rcc_ex.o ABSOLUTE
    ../Drivers/STM32F4xx_HAL_Driver/Src/stm32f4xx_hal_tim.c 0x00000000   Number         0  stm32f4xx_hal_tim.o ABSOLUTE
    ../Drivers/STM32F4xx_HAL_Driver/Src/stm32f4xx_hal_tim_ex.c 0x00000000   Number         0  stm32f4xx_hal_tim_ex.o ABSOLUTE
    ../clib/microlib/division.c              0x00000000   Number         0  uldiv.o ABSOLUTE
    ../clib/microlib/division.c              0x00000000   Number         0  uidiv.o ABSOLUTE
    ../clib/microlib/errno.c                 0x00000000   Number         0  errno.o ABSOLUTE
    ../clib/microlib/init/entry.s            0x00000000   Number         0  entry7a.o ABSOLUTE
    ../clib/microlib/init/entry.s            0x00000000   Number         0  entry7b.o ABSOLUTE
    ../clib/microlib/init/entry.s            0x00000000   Number         0  entry10a.o ABSOLUTE
    ../clib/microlib/init/entry.s            0x00000000   Number         0  entry9b.o ABSOLUTE
    ../clib/microlib/init/entry.s            0x00000000   Number         0  entry9a.o ABSOLUTE
    ../clib/microlib/init/entry.s            0x00000000   Number         0  entry8b.o ABSOLUTE
    ../clib/microlib/init/entry.s            0x00000000   Number         0  entry5.o ABSOLUTE
    ../clib/microlib/init/entry.s            0x00000000   Number         0  entry.o ABSOLUTE
    ../clib/microlib/init/entry.s            0x00000000   Number         0  entry8a.o ABSOLUTE
    ../clib/microlib/init/entry.s            0x00000000   Number         0  entry2.o ABSOLUTE
    ../clib/microlib/init/entry.s            0x00000000   Number         0  entry10b.o ABSOLUTE
    ../clib/microlib/init/entry.s            0x00000000   Number         0  entry11a.o ABSOLUTE
    ../clib/microlib/init/entry.s            0x00000000   Number         0  entry11b.o ABSOLUTE
    ../clib/microlib/longlong.c              0x00000000   Number         0  llshl.o ABSOLUTE
    ../clib/microlib/longlong.c              0x00000000   Number         0  llsshr.o ABSOLUTE
    ../clib/microlib/longlong.c              0x00000000   Number         0  llushr.o ABSOLUTE
    ../clib/microlib/malloc/malloc.c         0x00000000   Number         0  mallocr.o ABSOLUTE
    ../clib/microlib/malloc/malloc.c         0x00000000   Number         0  malloc.o ABSOLUTE
    ../clib/microlib/malloc/malloc.c         0x00000000   Number         0  malloca.o ABSOLUTE
    ../clib/microlib/malloc/malloc.c         0x00000000   Number         0  mallocra.o ABSOLUTE
    ../clib/microlib/malloc/mvars.c          0x00000000   Number         0  mvars.o ABSOLUTE
    ../clib/microlib/printf/printf.c         0x00000000   Number         0  printf1.o ABSOLUTE
    ../clib/microlib/printf/printf.c         0x00000000   Number         0  printf4.o ABSOLUTE
    ../clib/microlib/printf/printf.c         0x00000000   Number         0  printf5.o ABSOLUTE
    ../clib/microlib/printf/printf.c         0x00000000   Number         0  printf6.o ABSOLUTE
    ../clib/microlib/printf/printf.c         0x00000000   Number         0  printf7.o ABSOLUTE
    ../clib/microlib/printf/printf.c         0x00000000   Number         0  printf8.o ABSOLUTE
    ../clib/microlib/printf/printf.c         0x00000000   Number         0  printf2.o ABSOLUTE
    ../clib/microlib/printf/printf.c         0x00000000   Number         0  printfb.o ABSOLUTE
    ../clib/microlib/printf/printf.c         0x00000000   Number         0  printf3.o ABSOLUTE
    ../clib/microlib/printf/printf.c         0x00000000   Number         0  printf0.o ABSOLUTE
    ../clib/microlib/printf/printf.c         0x00000000   Number         0  printfa.o ABSOLUTE
    ../clib/microlib/printf/stubs.s          0x00000000   Number         0  stubs.o ABSOLUTE
    ../clib/microlib/stdio/fputc.c           0x00000000   Number         0  fputc.o ABSOLUTE
    ../clib/microlib/stdio/semi.s            0x00000000   Number         0  semi.o ABSOLUTE
    ../clib/microlib/stdio/streams.c         0x00000000   Number         0  stdout.o ABSOLUTE
    ../clib/microlib/string/memcpy.c         0x00000000   Number         0  memcpya.o ABSOLUTE
    ../clib/microlib/string/memcpy.c         0x00000000   Number         0  memcpyb.o ABSOLUTE
    ../clib/microlib/string/memset.c         0x00000000   Number         0  memseta.o ABSOLUTE
    ../clib/microlib/stubs.s                 0x00000000   Number         0  iusefp.o ABSOLUTE
    ../clib/microlib/stubs.s                 0x00000000   Number         0  iusesemip.o ABSOLUTE
    ../fplib/microlib/d2f.c                  0x00000000   Number         0  d2f.o ABSOLUTE
    ../fplib/microlib/f2d.c                  0x00000000   Number         0  f2d.o ABSOLUTE
    ../fplib/microlib/fpadd.c                0x00000000   Number         0  dadd.o ABSOLUTE
    ../fplib/microlib/fpcmp4.c               0x00000000   Number         0  fcmp4.o ABSOLUTE
    ../fplib/microlib/fpdiv.c                0x00000000   Number         0  ddiv.o ABSOLUTE
    ../fplib/microlib/fpepilogue.c           0x00000000   Number         0  fepilogue.o ABSOLUTE
    ../fplib/microlib/fpepilogue.c           0x00000000   Number         0  depilogue.o ABSOLUTE
    ../fplib/microlib/fpfix.c                0x00000000   Number         0  dfixui.o ABSOLUTE
    ../fplib/microlib/fpfix.c                0x00000000   Number         0  dfixul.o ABSOLUTE
    ../fplib/microlib/fpfix.c                0x00000000   Number         0  dfixi.o ABSOLUTE
    ../fplib/microlib/fpflt.c                0x00000000   Number         0  dfltui.o ABSOLUTE
    ../fplib/microlib/fpflt.c                0x00000000   Number         0  dflti.o ABSOLUTE
    ../fplib/microlib/fpmul.c                0x00000000   Number         0  dmul.o ABSOLUTE
    ../fplib/microlib/fpneg.c                0x00000000   Number         0  dneg.o ABSOLUTE
    ../fplib/microlib/fprnd.c                0x00000000   Number         0  drnd.o ABSOLUTE
    ../fplib/microlib/fpsqrt.c               0x00000000   Number         0  dsqrt.o ABSOLUTE
    ../mathlib/atan.c                        0x00000000   Number         0  atan.o ABSOLUTE
    ../mathlib/atan.c                        0x00000000   Number         0  atan_x.o ABSOLUTE
    ../mathlib/atan2.c                       0x00000000   Number         0  atan2.o ABSOLUTE
    ../mathlib/atan2.c                       0x00000000   Number         0  atan2_x.o ABSOLUTE
    ../mathlib/dunder.c                      0x00000000   Number         0  dunder.o ABSOLUTE
    ../mathlib/fabs.c                        0x00000000   Number         0  fabs.o ABSOLUTE
    ../mathlib/fmax.c                        0x00000000   Number         0  fmaxf.o ABSOLUTE
    ../mathlib/fmax.c                        0x00000000   Number         0  fminf.o ABSOLUTE
    ../mathlib/fpclassify.c                  0x00000000   Number         0  fpclassify.o ABSOLUTE
    ../mathlib/poly.c                        0x00000000   Number         0  poly.o ABSOLUTE
    ../mathlib/qnan.c                        0x00000000   Number         0  qnan.o ABSOLUTE
    ../mathlib/round.c                       0x00000000   Number         0  round.o ABSOLUTE
    ../mathlib/sqrt.c                        0x00000000   Number         0  sqrt_x.o ABSOLUTE
    ../mathlib/sqrt.c                        0x00000000   Number         0  sqrt.o ABSOLUTE
    ..\Core\Src\adc.c                        0x00000000   Number         0  adc.o ABSOLUTE
    ..\Core\Src\gpio.c                       0x00000000   Number         0  gpio.o ABSOLUTE
    ..\Core\Src\i2c.c                        0x00000000   Number         0  i2c.o ABSOLUTE
    ..\Core\Src\main.c                       0x00000000   Number         0  main.o ABSOLUTE
    ..\Core\Src\stm32f4xx_hal_msp.c          0x00000000   Number         0  stm32f4xx_hal_msp.o ABSOLUTE
    ..\Core\Src\stm32f4xx_it.c               0x00000000   Number         0  stm32f4xx_it.o ABSOLUTE
    ..\Core\Src\system_stm32f4xx.c           0x00000000   Number         0  system_stm32f4xx.o ABSOLUTE
    ..\Core\Src\tim.c                        0x00000000   Number         0  tim.o ABSOLUTE
    ..\Drivers\STM32F4xx_HAL_Driver\Src\stm32f4xx_hal.c 0x00000000   Number         0  stm32f4xx_hal.o ABSOLUTE
    ..\Drivers\STM32F4xx_HAL_Driver\Src\stm32f4xx_hal_adc.c 0x00000000   Number         0  stm32f4xx_hal_adc.o ABSOLUTE
    ..\Drivers\STM32F4xx_HAL_Driver\Src\stm32f4xx_hal_adc_ex.c 0x00000000   Number         0  stm32f4xx_hal_adc_ex.o ABSOLUTE
    ..\Drivers\STM32F4xx_HAL_Driver\Src\stm32f4xx_hal_cortex.c 0x00000000   Number         0  stm32f4xx_hal_cortex.o ABSOLUTE
    ..\Drivers\STM32F4xx_HAL_Driver\Src\stm32f4xx_hal_dma.c 0x00000000   Number         0  stm32f4xx_hal_dma.o ABSOLUTE
    ..\Drivers\STM32F4xx_HAL_Driver\Src\stm32f4xx_hal_dma_ex.c 0x00000000   Number         0  stm32f4xx_hal_dma_ex.o ABSOLUTE
    ..\Drivers\STM32F4xx_HAL_Driver\Src\stm32f4xx_hal_exti.c 0x00000000   Number         0  stm32f4xx_hal_exti.o ABSOLUTE
    ..\Drivers\STM32F4xx_HAL_Driver\Src\stm32f4xx_hal_flash.c 0x00000000   Number         0  stm32f4xx_hal_flash.o ABSOLUTE
    ..\Drivers\STM32F4xx_HAL_Driver\Src\stm32f4xx_hal_flash_ex.c 0x00000000   Number         0  stm32f4xx_hal_flash_ex.o ABSOLUTE
    ..\Drivers\STM32F4xx_HAL_Driver\Src\stm32f4xx_hal_flash_ramfunc.c 0x00000000   Number         0  stm32f4xx_hal_flash_ramfunc.o ABSOLUTE
    ..\Drivers\STM32F4xx_HAL_Driver\Src\stm32f4xx_hal_gpio.c 0x00000000   Number         0  stm32f4xx_hal_gpio.o ABSOLUTE
    ..\Drivers\STM32F4xx_HAL_Driver\Src\stm32f4xx_hal_i2c.c 0x00000000   Number         0  stm32f4xx_hal_i2c.o ABSOLUTE
    ..\Drivers\STM32F4xx_HAL_Driver\Src\stm32f4xx_hal_i2c_ex.c 0x00000000   Number         0  stm32f4xx_hal_i2c_ex.o ABSOLUTE
    ..\Drivers\STM32F4xx_HAL_Driver\Src\stm32f4xx_hal_pwr.c 0x00000000   Number         0  stm32f4xx_hal_pwr.o ABSOLUTE
    ..\Drivers\STM32F4xx_HAL_Driver\Src\stm32f4xx_hal_pwr_ex.c 0x00000000   Number         0  stm32f4xx_hal_pwr_ex.o ABSOLUTE
    ..\Drivers\STM32F4xx_HAL_Driver\Src\stm32f4xx_hal_rcc.c 0x00000000   Number         0  stm32f4xx_hal_rcc.o ABSOLUTE
    ..\Drivers\STM32F4xx_HAL_Driver\Src\stm32f4xx_hal_rcc_ex.c 0x00000000   Number         0  stm32f4xx_hal_rcc_ex.o ABSOLUTE
    ..\Drivers\STM32F4xx_HAL_Driver\Src\stm32f4xx_hal_tim.c 0x00000000   Number         0  stm32f4xx_hal_tim.o ABSOLUTE
    ..\Drivers\STM32F4xx_HAL_Driver\Src\stm32f4xx_hal_tim_ex.c 0x00000000   Number         0  stm32f4xx_hal_tim_ex.o ABSOLUTE
    ..\Hardware\GY906.c                      0x00000000   Number         0  gy906.o ABSOLUTE
    ..\Hardware\OLED.c                       0x00000000   Number         0  oled.o ABSOLUTE
    ..\Hardware\OLED_Data.c                  0x00000000   Number         0  oled_data.o ABSOLUTE
    ..\Hardware\mpu6050.c                    0x00000000   Number         0  mpu6050.o ABSOLUTE
    ..\\Hardware\\GY906.c                    0x00000000   Number         0  gy906.o ABSOLUTE
    ..\\Hardware\\OLED.c                     0x00000000   Number         0  oled.o ABSOLUTE
    ..\\Hardware\\OLED_Data.c                0x00000000   Number         0  oled_data.o ABSOLUTE
    ..\\Hardware\\mpu6050.c                  0x00000000   Number         0  mpu6050.o ABSOLUTE
    PWM Driver.c                             0x00000000   Number         0  pwm driver.o ABSOLUTE
    PWM Driver.c                             0x00000000   Number         0  pwm driver.o ABSOLUTE
    cdcmple.s                                0x00000000   Number         0  cdcmple.o ABSOLUTE
    cdrcmple.s                               0x00000000   Number         0  cdrcmple.o ABSOLUTE
    dc.s                                     0x00000000   Number         0  dc.o ABSOLUTE
    handlers.s                               0x00000000   Number         0  handlers.o ABSOLUTE
    init.s                                   0x00000000   Number         0  init.o ABSOLUTE
    startup_stm32f401xe.s                    0x00000000   Number         0  startup_stm32f401xe.o ABSOLUTE
    RESET                                    0x08000000   Section      404  startup_stm32f401xe.o(RESET)
    .ARM.Collect$$$$00000000                 0x08000194   Section        0  entry.o(.ARM.Collect$$$$00000000)
    .ARM.Collect$$$$00000001                 0x08000194   Section        4  entry2.o(.ARM.Collect$$$$00000001)
    .ARM.Collect$$$$00000004                 0x08000198   Section        4  entry5.o(.ARM.Collect$$$$00000004)
    .ARM.Collect$$$$00000008                 0x0800019c   Section        0  entry7b.o(.ARM.Collect$$$$00000008)
    .ARM.Collect$$$$0000000A                 0x0800019c   Section        0  entry8b.o(.ARM.Collect$$$$0000000A)
    .ARM.Collect$$$$0000000B                 0x0800019c   Section        8  entry9a.o(.ARM.Collect$$$$0000000B)
    .ARM.Collect$$$$0000000D                 0x080001a4   Section        0  entry10a.o(.ARM.Collect$$$$0000000D)
    .ARM.Collect$$$$0000000F                 0x080001a4   Section        0  entry11a.o(.ARM.Collect$$$$0000000F)
    .ARM.Collect$$$$00002712                 0x080001a4   Section        4  entry2.o(.ARM.Collect$$$$00002712)
    __lit__00000000                          0x080001a4   Data           4  entry2.o(.ARM.Collect$$$$00002712)
    .text                                    0x080001a8   Section       36  startup_stm32f401xe.o(.text)
    $v0                                      0x080001a8   Number         0  startup_stm32f401xe.o(.text)
    .text                                    0x080001cc   Section        0  uldiv.o(.text)
    .text                                    0x0800022e   Section        0  memseta.o(.text)
    .text                                    0x08000252   Section        0  dadd.o(.text)
    .text                                    0x080003a0   Section        0  dmul.o(.text)
    .text                                    0x08000484   Section        0  ddiv.o(.text)
    .text                                    0x08000562   Section        0  dfltui.o(.text)
    .text                                    0x0800057c   Section        0  f2d.o(.text)
    .text                                    0x080005a4   Section       48  cdrcmple.o(.text)
    .text                                    0x080005d4   Section        0  d2f.o(.text)
    .text                                    0x0800060c   Section        0  uidiv.o(.text)
    .text                                    0x08000638   Section        0  llshl.o(.text)
    .text                                    0x08000656   Section        0  llushr.o(.text)
    .text                                    0x08000676   Section        0  llsshr.o(.text)
    .text                                    0x0800069a   Section        0  iusefp.o(.text)
    .text                                    0x0800069a   Section        0  fepilogue.o(.text)
    .text                                    0x08000708   Section        0  depilogue.o(.text)
    .text                                    0x080007c2   Section        0  dfixul.o(.text)
    .text                                    0x080007f2   Section        0  fcmp4.o(.text)
    .text                                    0x08000828   Section       36  init.o(.text)
    i.ADC_Init                               0x0800084c   Section        0  stm32f4xx_hal_adc.o(i.ADC_Init)
    ADC_Init                                 0x0800084d   Thumb Code   284  stm32f4xx_hal_adc.o(i.ADC_Init)
    i.BusFault_Handler                       0x08000974   Section        0  stm32f4xx_it.o(i.BusFault_Handler)
    i.Coarse_delay_us                        0x08000978   Section        0  gy906.o(i.Coarse_delay_us)
    i.DebugMon_Handler                       0x08000994   Section        0  stm32f4xx_it.o(i.DebugMon_Handler)
    i.Error_Handler                          0x08000996   Section        0  main.o(i.Error_Handler)
    i.HAL_ADC_ConfigChannel                  0x08000998   Section        0  stm32f4xx_hal_adc.o(i.HAL_ADC_ConfigChannel)
    i.HAL_ADC_GetValue                       0x08000ae4   Section        0  stm32f4xx_hal_adc.o(i.HAL_ADC_GetValue)
    i.HAL_ADC_Init                           0x08000aea   Section        0  stm32f4xx_hal_adc.o(i.HAL_ADC_Init)
    i.HAL_ADC_MspInit                        0x08000b40   Section        0  adc.o(i.HAL_ADC_MspInit)
    i.HAL_ADC_PollForConversion              0x08000ba0   Section        0  stm32f4xx_hal_adc.o(i.HAL_ADC_PollForConversion)
    i.HAL_ADC_Start                          0x08000c44   Section        0  stm32f4xx_hal_adc.o(i.HAL_ADC_Start)
    i.HAL_DMA_Abort_IT                       0x08000d00   Section        0  stm32f4xx_hal_dma.o(i.HAL_DMA_Abort_IT)
    i.HAL_DMA_GetState                       0x08000d24   Section        0  stm32f4xx_hal_dma.o(i.HAL_DMA_GetState)
    i.HAL_GPIO_Init                          0x08000d2c   Section        0  stm32f4xx_hal_gpio.o(i.HAL_GPIO_Init)
    i.HAL_GPIO_ReadPin                       0x08000ec0   Section        0  stm32f4xx_hal_gpio.o(i.HAL_GPIO_ReadPin)
    i.HAL_GPIO_WritePin                      0x08000eca   Section        0  stm32f4xx_hal_gpio.o(i.HAL_GPIO_WritePin)
    i.HAL_GetTick                            0x08000ed4   Section        0  stm32f4xx_hal.o(i.HAL_GetTick)
    i.HAL_I2C_AbortCpltCallback              0x08000ee0   Section        0  stm32f4xx_hal_i2c.o(i.HAL_I2C_AbortCpltCallback)
    i.HAL_I2C_AddrCallback                   0x08000ee2   Section        0  stm32f4xx_hal_i2c.o(i.HAL_I2C_AddrCallback)
    i.HAL_I2C_EV_IRQHandler                  0x08000ee4   Section        0  stm32f4xx_hal_i2c.o(i.HAL_I2C_EV_IRQHandler)
    i.HAL_I2C_ErrorCallback                  0x0800114a   Section        0  stm32f4xx_hal_i2c.o(i.HAL_I2C_ErrorCallback)
    i.HAL_I2C_Init                           0x0800114c   Section        0  stm32f4xx_hal_i2c.o(i.HAL_I2C_Init)
    i.HAL_I2C_ListenCpltCallback             0x080012d4   Section        0  stm32f4xx_hal_i2c.o(i.HAL_I2C_ListenCpltCallback)
    i.HAL_I2C_MasterRxCpltCallback           0x080012d6   Section        0  stm32f4xx_hal_i2c.o(i.HAL_I2C_MasterRxCpltCallback)
    i.HAL_I2C_MasterTxCpltCallback           0x080012d8   Section        0  stm32f4xx_hal_i2c.o(i.HAL_I2C_MasterTxCpltCallback)
    i.HAL_I2C_Master_Transmit                0x080012dc   Section        0  stm32f4xx_hal_i2c.o(i.HAL_I2C_Master_Transmit)
    i.HAL_I2C_MemRxCpltCallback              0x08001408   Section        0  stm32f4xx_hal_i2c.o(i.HAL_I2C_MemRxCpltCallback)
    i.HAL_I2C_MemTxCpltCallback              0x0800140a   Section        0  stm32f4xx_hal_i2c.o(i.HAL_I2C_MemTxCpltCallback)
    i.HAL_I2C_MspInit                        0x0800140c   Section        0  i2c.o(i.HAL_I2C_MspInit)
    i.HAL_I2C_SlaveRxCpltCallback            0x08001534   Section        0  stm32f4xx_hal_i2c.o(i.HAL_I2C_SlaveRxCpltCallback)
    i.HAL_I2C_SlaveTxCpltCallback            0x08001536   Section        0  stm32f4xx_hal_i2c.o(i.HAL_I2C_SlaveTxCpltCallback)
    i.HAL_IncTick                            0x08001538   Section        0  stm32f4xx_hal.o(i.HAL_IncTick)
    i.HAL_Init                               0x08001548   Section        0  stm32f4xx_hal.o(i.HAL_Init)
    i.HAL_InitTick                           0x0800157c   Section        0  stm32f4xx_hal.o(i.HAL_InitTick)
    i.HAL_MspInit                            0x080015bc   Section        0  stm32f4xx_hal_msp.o(i.HAL_MspInit)
    i.HAL_NVIC_EnableIRQ                     0x080015f0   Section        0  stm32f4xx_hal_cortex.o(i.HAL_NVIC_EnableIRQ)
    i.HAL_NVIC_SetPriority                   0x0800160c   Section        0  stm32f4xx_hal_cortex.o(i.HAL_NVIC_SetPriority)
    i.HAL_NVIC_SetPriorityGrouping           0x0800164c   Section        0  stm32f4xx_hal_cortex.o(i.HAL_NVIC_SetPriorityGrouping)
    i.HAL_RCC_ClockConfig                    0x08001670   Section        0  stm32f4xx_hal_rcc.o(i.HAL_RCC_ClockConfig)
    i.HAL_RCC_GetHCLKFreq                    0x080017a4   Section        0  stm32f4xx_hal_rcc.o(i.HAL_RCC_GetHCLKFreq)
    i.HAL_RCC_GetPCLK1Freq                   0x080017b0   Section        0  stm32f4xx_hal_rcc.o(i.HAL_RCC_GetPCLK1Freq)
    i.HAL_RCC_GetSysClockFreq                0x080017d0   Section        0  stm32f4xx_hal_rcc.o(i.HAL_RCC_GetSysClockFreq)
    i.HAL_RCC_OscConfig                      0x08001834   Section        0  stm32f4xx_hal_rcc.o(i.HAL_RCC_OscConfig)
    i.HAL_SYSTICK_Config                     0x08001b90   Section        0  stm32f4xx_hal_cortex.o(i.HAL_SYSTICK_Config)
    i.HAL_TIMEx_ConfigBreakDeadTime          0x08001bb8   Section        0  stm32f4xx_hal_tim_ex.o(i.HAL_TIMEx_ConfigBreakDeadTime)
    i.HAL_TIMEx_MasterConfigSynchronization  0x08001c0c   Section        0  stm32f4xx_hal_tim_ex.o(i.HAL_TIMEx_MasterConfigSynchronization)
    i.HAL_TIM_Base_Init                      0x08001c88   Section        0  stm32f4xx_hal_tim.o(i.HAL_TIM_Base_Init)
    i.HAL_TIM_Base_MspInit                   0x08001cc0   Section        0  tim.o(i.HAL_TIM_Base_MspInit)
    i.HAL_TIM_ConfigClockSource              0x08001cf4   Section        0  stm32f4xx_hal_tim.o(i.HAL_TIM_ConfigClockSource)
    i.HAL_TIM_Encoder_Init                   0x08001dca   Section        0  stm32f4xx_hal_tim.o(i.HAL_TIM_Encoder_Init)
    i.HAL_TIM_Encoder_MspInit                0x08001e64   Section        0  tim.o(i.HAL_TIM_Encoder_MspInit)
    i.HAL_TIM_MspPostInit                    0x08001ef8   Section        0  tim.o(i.HAL_TIM_MspPostInit)
    i.HAL_TIM_PWM_ConfigChannel              0x08001f6c   Section        0  stm32f4xx_hal_tim.o(i.HAL_TIM_PWM_ConfigChannel)
    i.HAL_TIM_PWM_Init                       0x0800203c   Section        0  stm32f4xx_hal_tim.o(i.HAL_TIM_PWM_Init)
    i.HAL_TIM_PWM_MspInit                    0x08002072   Section        0  stm32f4xx_hal_tim.o(i.HAL_TIM_PWM_MspInit)
    i.HAL_TIM_PWM_Start                      0x08002074   Section        0  stm32f4xx_hal_tim.o(i.HAL_TIM_PWM_Start)
    i.HardFault_Handler                      0x080020ac   Section        0  stm32f4xx_it.o(i.HardFault_Handler)
    i.I2C1_EV_IRQHandler                     0x080020b0   Section        0  stm32f4xx_it.o(i.I2C1_EV_IRQHandler)
    i.I2C_DMAAbort                           0x080020bc   Section        0  stm32f4xx_hal_i2c.o(i.I2C_DMAAbort)
    I2C_DMAAbort                             0x080020bd   Thumb Code   182  stm32f4xx_hal_i2c.o(i.I2C_DMAAbort)
    i.I2C_ITError                            0x08002178   Section        0  stm32f4xx_hal_i2c.o(i.I2C_ITError)
    I2C_ITError                              0x08002179   Thumb Code   336  stm32f4xx_hal_i2c.o(i.I2C_ITError)
    i.I2C_IsAcknowledgeFailed                0x080022d0   Section        0  stm32f4xx_hal_i2c.o(i.I2C_IsAcknowledgeFailed)
    I2C_IsAcknowledgeFailed                  0x080022d1   Thumb Code    46  stm32f4xx_hal_i2c.o(i.I2C_IsAcknowledgeFailed)
    i.I2C_MasterReceive_BTF                  0x080022fe   Section        0  stm32f4xx_hal_i2c.o(i.I2C_MasterReceive_BTF)
    I2C_MasterReceive_BTF                    0x080022ff   Thumb Code   210  stm32f4xx_hal_i2c.o(i.I2C_MasterReceive_BTF)
    i.I2C_MasterReceive_RXNE                 0x080023d0   Section        0  stm32f4xx_hal_i2c.o(i.I2C_MasterReceive_RXNE)
    I2C_MasterReceive_RXNE                   0x080023d1   Thumb Code   228  stm32f4xx_hal_i2c.o(i.I2C_MasterReceive_RXNE)
    i.I2C_MasterRequestWrite                 0x080024b8   Section        0  stm32f4xx_hal_i2c.o(i.I2C_MasterRequestWrite)
    I2C_MasterRequestWrite                   0x080024b9   Thumb Code   150  stm32f4xx_hal_i2c.o(i.I2C_MasterRequestWrite)
    i.I2C_MasterTransmit_BTF                 0x08002554   Section        0  stm32f4xx_hal_i2c.o(i.I2C_MasterTransmit_BTF)
    I2C_MasterTransmit_BTF                   0x08002555   Thumb Code   116  stm32f4xx_hal_i2c.o(i.I2C_MasterTransmit_BTF)
    i.I2C_MasterTransmit_TXE                 0x080025c8   Section        0  stm32f4xx_hal_i2c.o(i.I2C_MasterTransmit_TXE)
    I2C_MasterTransmit_TXE                   0x080025c9   Thumb Code   182  stm32f4xx_hal_i2c.o(i.I2C_MasterTransmit_TXE)
    i.I2C_Master_ADDR                        0x08002680   Section        0  stm32f4xx_hal_i2c.o(i.I2C_Master_ADDR)
    I2C_Master_ADDR                          0x08002681   Thumb Code   276  stm32f4xx_hal_i2c.o(i.I2C_Master_ADDR)
    i.I2C_Master_SB                          0x08002798   Section        0  stm32f4xx_hal_i2c.o(i.I2C_Master_SB)
    I2C_Master_SB                            0x08002799   Thumb Code   140  stm32f4xx_hal_i2c.o(i.I2C_Master_SB)
    i.I2C_MemoryTransmit_TXE_BTF             0x08002824   Section        0  stm32f4xx_hal_i2c.o(i.I2C_MemoryTransmit_TXE_BTF)
    I2C_MemoryTransmit_TXE_BTF               0x08002825   Thumb Code   160  stm32f4xx_hal_i2c.o(i.I2C_MemoryTransmit_TXE_BTF)
    i.I2C_Slave_STOPF                        0x080028c4   Section        0  stm32f4xx_hal_i2c.o(i.I2C_Slave_STOPF)
    I2C_Slave_STOPF                          0x080028c5   Thumb Code   338  stm32f4xx_hal_i2c.o(i.I2C_Slave_STOPF)
    i.I2C_WaitOnBTFFlagUntilTimeout          0x08002a20   Section        0  stm32f4xx_hal_i2c.o(i.I2C_WaitOnBTFFlagUntilTimeout)
    I2C_WaitOnBTFFlagUntilTimeout            0x08002a21   Thumb Code    76  stm32f4xx_hal_i2c.o(i.I2C_WaitOnBTFFlagUntilTimeout)
    i.I2C_WaitOnFlagUntilTimeout             0x08002a6c   Section        0  stm32f4xx_hal_i2c.o(i.I2C_WaitOnFlagUntilTimeout)
    I2C_WaitOnFlagUntilTimeout               0x08002a6d   Thumb Code   104  stm32f4xx_hal_i2c.o(i.I2C_WaitOnFlagUntilTimeout)
    i.I2C_WaitOnMasterAddressFlagUntilTimeout 0x08002ad4   Section        0  stm32f4xx_hal_i2c.o(i.I2C_WaitOnMasterAddressFlagUntilTimeout)
    I2C_WaitOnMasterAddressFlagUntilTimeout  0x08002ad5   Thumb Code   150  stm32f4xx_hal_i2c.o(i.I2C_WaitOnMasterAddressFlagUntilTimeout)
    i.I2C_WaitOnTXEFlagUntilTimeout          0x08002b6a   Section        0  stm32f4xx_hal_i2c.o(i.I2C_WaitOnTXEFlagUntilTimeout)
    I2C_WaitOnTXEFlagUntilTimeout            0x08002b6b   Thumb Code    76  stm32f4xx_hal_i2c.o(i.I2C_WaitOnTXEFlagUntilTimeout)
    i.MX_ADC1_Init                           0x08002bb8   Section        0  adc.o(i.MX_ADC1_Init)
    i.MX_GPIO_Init                           0x08002c18   Section        0  gpio.o(i.MX_GPIO_Init)
    i.MX_I2C1_Init                           0x08002cb8   Section        0  i2c.o(i.MX_I2C1_Init)
    i.MX_I2C2_Init                           0x08002cf8   Section        0  i2c.o(i.MX_I2C2_Init)
    i.MX_I2C3_Init                           0x08002d38   Section        0  i2c.o(i.MX_I2C3_Init)
    i.MX_TIM1_Init                           0x08002d78   Section        0  tim.o(i.MX_TIM1_Init)
    i.MX_TIM2_Init                           0x08002e44   Section        0  tim.o(i.MX_TIM2_Init)
    i.MX_TIM3_Init                           0x08002edc   Section        0  tim.o(i.MX_TIM3_Init)
    i.MX_TIM4_Init                           0x08002f44   Section        0  tim.o(i.MX_TIM4_Init)
    i.MemManage_Handler                      0x08002fac   Section        0  stm32f4xx_it.o(i.MemManage_Handler)
    i.Motor_SetDirection                     0x08002fb0   Section        0  pwm driver.o(i.Motor_SetDirection)
    i.Motor_SetSpeed                         0x08002fd8   Section        0  pwm driver.o(i.Motor_SetSpeed)
    i.NMI_Handler                            0x08002ff8   Section        0  stm32f4xx_it.o(i.NMI_Handler)
    i.OLED_Clear                             0x08002ffc   Section        0  oled.o(i.OLED_Clear)
    i.OLED_ClearArea                         0x08003024   Section        0  oled.o(i.OLED_ClearArea)
    i.OLED_GPIO_Init                         0x08003080   Section        0  oled.o(i.OLED_GPIO_Init)
    i.OLED_Init                              0x08003096   Section        0  oled.o(i.OLED_Init)
    i.OLED_Printf                            0x08003132   Section        0  oled.o(i.OLED_Printf)
    i.OLED_SetCursor                         0x0800315c   Section        0  oled.o(i.OLED_SetCursor)
    i.OLED_ShowChar                          0x08003180   Section        0  oled.o(i.OLED_ShowChar)
    i.OLED_ShowImage                         0x080031bc   Section        0  oled.o(i.OLED_ShowImage)
    i.OLED_ShowString                        0x0800327c   Section        0  oled.o(i.OLED_ShowString)
    i.OLED_Update                            0x08003304   Section        0  oled.o(i.OLED_Update)
    i.OLED_WriteCommand                      0x0800332c   Section        0  oled.o(i.OLED_WriteCommand)
    i.OLED_WriteData                         0x0800334c   Section        0  oled.o(i.OLED_WriteData)
    i.PEC_Calculation                        0x08003390   Section        0  gy906.o(i.PEC_Calculation)
    i.PendSV_Handler                         0x08003438   Section        0  stm32f4xx_it.o(i.PendSV_Handler)
    i.SMBus_Init                             0x0800343c   Section        0  gy906.o(i.SMBus_Init)
    i.SMBus_ReadMemory                       0x0800345c   Section        0  gy906.o(i.SMBus_ReadMemory)
    i.SMBus_ReadTemp                         0x080034ec   Section        0  gy906.o(i.SMBus_ReadTemp)
    i.SMBus_ReceiveBit                       0x0800352c   Section        0  gy906.o(i.SMBus_ReceiveBit)
    i.SMBus_ReceiveByte                      0x0800357c   Section        0  gy906.o(i.SMBus_ReceiveByte)
    i.SMBus_SendBit                          0x080035b0   Section        0  gy906.o(i.SMBus_SendBit)
    i.SMBus_SendByte                         0x080035f4   Section        0  gy906.o(i.SMBus_SendByte)
    i.SMBus_StartBit                         0x0800361c   Section        0  gy906.o(i.SMBus_StartBit)
    i.SMBus_StopBit                          0x0800366c   Section        0  gy906.o(i.SMBus_StopBit)
    i.SVC_Handler                            0x080036b8   Section        0  stm32f4xx_it.o(i.SVC_Handler)
    i.SysTick_Handler                        0x080036ba   Section        0  stm32f4xx_it.o(i.SysTick_Handler)
    i.SystemClock_Config                     0x080036c0   Section        0  main.o(i.SystemClock_Config)
    i.SystemInit                             0x08003744   Section        0  system_stm32f4xx.o(i.SystemInit)
    i.TIM_Base_SetConfig                     0x08003760   Section        0  stm32f4xx_hal_tim.o(i.TIM_Base_SetConfig)
    i.TIM_CCxChannelCmd                      0x080037f8   Section        0  stm32f4xx_hal_tim.o(i.TIM_CCxChannelCmd)
    i.TIM_ETR_SetConfig                      0x08003812   Section        0  stm32f4xx_hal_tim.o(i.TIM_ETR_SetConfig)
    i.TIM_ITRx_SetConfig                     0x08003826   Section        0  stm32f4xx_hal_tim.o(i.TIM_ITRx_SetConfig)
    TIM_ITRx_SetConfig                       0x08003827   Thumb Code    16  stm32f4xx_hal_tim.o(i.TIM_ITRx_SetConfig)
    i.TIM_OC1_SetConfig                      0x08003838   Section        0  stm32f4xx_hal_tim.o(i.TIM_OC1_SetConfig)
    TIM_OC1_SetConfig                        0x08003839   Thumb Code    74  stm32f4xx_hal_tim.o(i.TIM_OC1_SetConfig)
    i.TIM_OC2_SetConfig                      0x08003888   Section        0  stm32f4xx_hal_tim.o(i.TIM_OC2_SetConfig)
    i.TIM_OC3_SetConfig                      0x080038e0   Section        0  stm32f4xx_hal_tim.o(i.TIM_OC3_SetConfig)
    TIM_OC3_SetConfig                        0x080038e1   Thumb Code    82  stm32f4xx_hal_tim.o(i.TIM_OC3_SetConfig)
    i.TIM_OC4_SetConfig                      0x08003938   Section        0  stm32f4xx_hal_tim.o(i.TIM_OC4_SetConfig)
    TIM_OC4_SetConfig                        0x08003939   Thumb Code    64  stm32f4xx_hal_tim.o(i.TIM_OC4_SetConfig)
    i.TIM_TI1_ConfigInputStage               0x0800397c   Section        0  stm32f4xx_hal_tim.o(i.TIM_TI1_ConfigInputStage)
    TIM_TI1_ConfigInputStage                 0x0800397d   Thumb Code    34  stm32f4xx_hal_tim.o(i.TIM_TI1_ConfigInputStage)
    i.TIM_TI2_ConfigInputStage               0x0800399e   Section        0  stm32f4xx_hal_tim.o(i.TIM_TI2_ConfigInputStage)
    TIM_TI2_ConfigInputStage                 0x0800399f   Thumb Code    36  stm32f4xx_hal_tim.o(i.TIM_TI2_ConfigInputStage)
    i.UsageFault_Handler                     0x080039c2   Section        0  stm32f4xx_it.o(i.UsageFault_Handler)
    i.__0vsprintf                            0x080039c4   Section        0  printfa.o(i.__0vsprintf)
    i.__NVIC_SetPriority                     0x080039e8   Section        0  stm32f4xx_hal_cortex.o(i.__NVIC_SetPriority)
    __NVIC_SetPriority                       0x080039e9   Thumb Code    32  stm32f4xx_hal_cortex.o(i.__NVIC_SetPriority)
    i.__hardfp_fmaxf                         0x08003a08   Section        0  fmaxf.o(i.__hardfp_fmaxf)
    i.__hardfp_fminf                         0x08003a50   Section        0  fminf.o(i.__hardfp_fminf)
    i.__scatterload_copy                     0x08003a98   Section       14  handlers.o(i.__scatterload_copy)
    i.__scatterload_null                     0x08003aa6   Section        2  handlers.o(i.__scatterload_null)
    i.__scatterload_zeroinit                 0x08003aa8   Section       14  handlers.o(i.__scatterload_zeroinit)
    i._fp_digits                             0x08003ab8   Section        0  printfa.o(i._fp_digits)
    _fp_digits                               0x08003ab9   Thumb Code   366  printfa.o(i._fp_digits)
    i._printf_core                           0x08003c3c   Section        0  printfa.o(i._printf_core)
    _printf_core                             0x08003c3d   Thumb Code  1744  printfa.o(i._printf_core)
    i._printf_post_padding                   0x08004318   Section        0  printfa.o(i._printf_post_padding)
    _printf_post_padding                     0x08004319   Thumb Code    36  printfa.o(i._printf_post_padding)
    i._printf_pre_padding                    0x0800433c   Section        0  printfa.o(i._printf_pre_padding)
    _printf_pre_padding                      0x0800433d   Thumb Code    46  printfa.o(i._printf_pre_padding)
    i._sputc                                 0x0800436a   Section        0  printfa.o(i._sputc)
    _sputc                                   0x0800436b   Thumb Code    10  printfa.o(i._sputc)
    i.free                                   0x08004374   Section        0  malloc.o(i.free)
    i.main                                   0x080043c4   Section        0  main.o(i.main)
    i.malloc                                 0x08004620   Section        0  malloc.o(i.malloc)
    .constdata                               0x0800468c   Section     1520  oled_data.o(.constdata)
    .constdata                               0x08004c7c   Section      570  oled_data.o(.constdata)
    .constdata                               0x08004eb6   Section       16  system_stm32f4xx.o(.constdata)
    .constdata                               0x08004ec6   Section        8  system_stm32f4xx.o(.constdata)
    .data                                    0x20000000   Section       24  main.o(.data)
    .data                                    0x20000018   Section       12  stm32f4xx_hal.o(.data)
    .data                                    0x20000024   Section        4  system_stm32f4xx.o(.data)
    .data                                    0x20000028   Section        4  mvars.o(.data)
    .data                                    0x2000002c   Section        4  mvars.o(.data)
    .bss                                     0x20000030   Section     1024  oled.o(.bss)
    .bss                                     0x20000430   Section       72  adc.o(.bss)
    .bss                                     0x20000478   Section      252  i2c.o(.bss)
    .bss                                     0x20000574   Section      256  tim.o(.bss)
    HEAP                                     0x20000678   Section      512  startup_stm32f401xe.o(HEAP)
    STACK                                    0x20000878   Section     1024  startup_stm32f401xe.o(STACK)

    Global Symbols

    Symbol Name                              Value     Ov Type        Size  Object(Section)

    BuildAttributes$$THM_ISAv4$E$P$D$K$B$S$7EM$VFPi3$EXTD16$VFPS$VFMA$PE$A:L22UL41UL21$X:L11$S22US41US21$IEEE1$IW$USESV6$~STKCKD$USESV7$~SHL$OTIME$ROPI$IEEEX$EBA8$MICROLIB$REQ8$PRES8$EABIv2 0x00000000   Number         0  anon$$obj.o ABSOLUTE
    __ARM_use_no_argv                        0x00000000   Number         0  main.o ABSOLUTE
    _printf_a                                0x00000000   Number         0  stubs.o ABSOLUTE
    _printf_c                                0x00000000   Number         0  stubs.o ABSOLUTE
    _printf_charcount                        0x00000000   Number         0  stubs.o ABSOLUTE
    _printf_d                                0x00000000   Number         0  stubs.o ABSOLUTE
    _printf_e                                0x00000000   Number         0  stubs.o ABSOLUTE
    _printf_f                                0x00000000   Number         0  stubs.o ABSOLUTE
    _printf_flags                            0x00000000   Number         0  stubs.o ABSOLUTE
    _printf_fp_dec                           0x00000000   Number         0  stubs.o ABSOLUTE
    _printf_fp_hex                           0x00000000   Number         0  stubs.o ABSOLUTE
    _printf_g                                0x00000000   Number         0  stubs.o ABSOLUTE
    _printf_i                                0x00000000   Number         0  stubs.o ABSOLUTE
    _printf_int_dec                          0x00000000   Number         0  stubs.o ABSOLUTE
    _printf_l                                0x00000000   Number         0  stubs.o ABSOLUTE
    _printf_lc                               0x00000000   Number         0  stubs.o ABSOLUTE
    _printf_ll                               0x00000000   Number         0  stubs.o ABSOLUTE
    _printf_lld                              0x00000000   Number         0  stubs.o ABSOLUTE
    _printf_lli                              0x00000000   Number         0  stubs.o ABSOLUTE
    _printf_llo                              0x00000000   Number         0  stubs.o ABSOLUTE
    _printf_llu                              0x00000000   Number         0  stubs.o ABSOLUTE
    _printf_llx                              0x00000000   Number         0  stubs.o ABSOLUTE
    _printf_longlong_dec                     0x00000000   Number         0  stubs.o ABSOLUTE
    _printf_longlong_hex                     0x00000000   Number         0  stubs.o ABSOLUTE
    _printf_longlong_oct                     0x00000000   Number         0  stubs.o ABSOLUTE
    _printf_ls                               0x00000000   Number         0  stubs.o ABSOLUTE
    _printf_mbtowc                           0x00000000   Number         0  stubs.o ABSOLUTE
    _printf_n                                0x00000000   Number         0  stubs.o ABSOLUTE
    _printf_o                                0x00000000   Number         0  stubs.o ABSOLUTE
    _printf_p                                0x00000000   Number         0  stubs.o ABSOLUTE
    _printf_percent                          0x00000000   Number         0  stubs.o ABSOLUTE
    _printf_pre_padding                      0x00000000   Number         0  stubs.o ABSOLUTE
    _printf_return_value                     0x00000000   Number         0  stubs.o ABSOLUTE
    _printf_s                                0x00000000   Number         0  stubs.o ABSOLUTE
    _printf_sizespec                         0x00000000   Number         0  stubs.o ABSOLUTE
    _printf_str                              0x00000000   Number         0  stubs.o ABSOLUTE
    _printf_truncate_signed                  0x00000000   Number         0  stubs.o ABSOLUTE
    _printf_truncate_unsigned                0x00000000   Number         0  stubs.o ABSOLUTE
    _printf_u                                0x00000000   Number         0  stubs.o ABSOLUTE
    _printf_wc                               0x00000000   Number         0  stubs.o ABSOLUTE
    _printf_wctomb                           0x00000000   Number         0  stubs.o ABSOLUTE
    _printf_widthprec                        0x00000000   Number         0  stubs.o ABSOLUTE
    _printf_x                                0x00000000   Number         0  stubs.o ABSOLUTE
    __cpp_initialize__aeabi_                  - Undefined Weak Reference
    __cxa_finalize                            - Undefined Weak Reference
    __decompress                              - Undefined Weak Reference
    _clock_init                               - Undefined Weak Reference
    _microlib_exit                            - Undefined Weak Reference
    __Vectors_Size                           0x00000194   Number         0  startup_stm32f401xe.o ABSOLUTE
    __Vectors                                0x08000000   Data           4  startup_stm32f401xe.o(RESET)
    __Vectors_End                            0x08000194   Data           0  startup_stm32f401xe.o(RESET)
    __main                                   0x08000195   Thumb Code     0  entry.o(.ARM.Collect$$$$00000000)
    _main_stk                                0x08000195   Thumb Code     0  entry2.o(.ARM.Collect$$$$00000001)
    _main_scatterload                        0x08000199   Thumb Code     0  entry5.o(.ARM.Collect$$$$00000004)
    __main_after_scatterload                 0x0800019d   Thumb Code     0  entry5.o(.ARM.Collect$$$$00000004)
    _main_clock                              0x0800019d   Thumb Code     0  entry7b.o(.ARM.Collect$$$$00000008)
    _main_cpp_init                           0x0800019d   Thumb Code     0  entry8b.o(.ARM.Collect$$$$0000000A)
    _main_init                               0x0800019d   Thumb Code     0  entry9a.o(.ARM.Collect$$$$0000000B)
    __rt_final_cpp                           0x080001a5   Thumb Code     0  entry10a.o(.ARM.Collect$$$$0000000D)
    __rt_final_exit                          0x080001a5   Thumb Code     0  entry11a.o(.ARM.Collect$$$$0000000F)
    Reset_Handler                            0x080001a9   Thumb Code     8  startup_stm32f401xe.o(.text)
    ADC_IRQHandler                           0x080001c3   Thumb Code     0  startup_stm32f401xe.o(.text)
    DMA1_Stream0_IRQHandler                  0x080001c3   Thumb Code     0  startup_stm32f401xe.o(.text)
    DMA1_Stream1_IRQHandler                  0x080001c3   Thumb Code     0  startup_stm32f401xe.o(.text)
    DMA1_Stream2_IRQHandler                  0x080001c3   Thumb Code     0  startup_stm32f401xe.o(.text)
    DMA1_Stream3_IRQHandler                  0x080001c3   Thumb Code     0  startup_stm32f401xe.o(.text)
    DMA1_Stream4_IRQHandler                  0x080001c3   Thumb Code     0  startup_stm32f401xe.o(.text)
    DMA1_Stream5_IRQHandler                  0x080001c3   Thumb Code     0  startup_stm32f401xe.o(.text)
    DMA1_Stream6_IRQHandler                  0x080001c3   Thumb Code     0  startup_stm32f401xe.o(.text)
    DMA1_Stream7_IRQHandler                  0x080001c3   Thumb Code     0  startup_stm32f401xe.o(.text)
    DMA2_Stream0_IRQHandler                  0x080001c3   Thumb Code     0  startup_stm32f401xe.o(.text)
    DMA2_Stream1_IRQHandler                  0x080001c3   Thumb Code     0  startup_stm32f401xe.o(.text)
    DMA2_Stream2_IRQHandler                  0x080001c3   Thumb Code     0  startup_stm32f401xe.o(.text)
    DMA2_Stream3_IRQHandler                  0x080001c3   Thumb Code     0  startup_stm32f401xe.o(.text)
    DMA2_Stream4_IRQHandler                  0x080001c3   Thumb Code     0  startup_stm32f401xe.o(.text)
    DMA2_Stream5_IRQHandler                  0x080001c3   Thumb Code     0  startup_stm32f401xe.o(.text)
    DMA2_Stream6_IRQHandler                  0x080001c3   Thumb Code     0  startup_stm32f401xe.o(.text)
    DMA2_Stream7_IRQHandler                  0x080001c3   Thumb Code     0  startup_stm32f401xe.o(.text)
    EXTI0_IRQHandler                         0x080001c3   Thumb Code     0  startup_stm32f401xe.o(.text)
    EXTI15_10_IRQHandler                     0x080001c3   Thumb Code     0  startup_stm32f401xe.o(.text)
    EXTI1_IRQHandler                         0x080001c3   Thumb Code     0  startup_stm32f401xe.o(.text)
    EXTI2_IRQHandler                         0x080001c3   Thumb Code     0  startup_stm32f401xe.o(.text)
    EXTI3_IRQHandler                         0x080001c3   Thumb Code     0  startup_stm32f401xe.o(.text)
    EXTI4_IRQHandler                         0x080001c3   Thumb Code     0  startup_stm32f401xe.o(.text)
    EXTI9_5_IRQHandler                       0x080001c3   Thumb Code     0  startup_stm32f401xe.o(.text)
    FLASH_IRQHandler                         0x080001c3   Thumb Code     0  startup_stm32f401xe.o(.text)
    FPU_IRQHandler                           0x080001c3   Thumb Code     0  startup_stm32f401xe.o(.text)
    I2C1_ER_IRQHandler                       0x080001c3   Thumb Code     0  startup_stm32f401xe.o(.text)
    I2C2_ER_IRQHandler                       0x080001c3   Thumb Code     0  startup_stm32f401xe.o(.text)
    I2C2_EV_IRQHandler                       0x080001c3   Thumb Code     0  startup_stm32f401xe.o(.text)
    I2C3_ER_IRQHandler                       0x080001c3   Thumb Code     0  startup_stm32f401xe.o(.text)
    I2C3_EV_IRQHandler                       0x080001c3   Thumb Code     0  startup_stm32f401xe.o(.text)
    OTG_FS_IRQHandler                        0x080001c3   Thumb Code     0  startup_stm32f401xe.o(.text)
    OTG_FS_WKUP_IRQHandler                   0x080001c3   Thumb Code     0  startup_stm32f401xe.o(.text)
    PVD_IRQHandler                           0x080001c3   Thumb Code     0  startup_stm32f401xe.o(.text)
    RCC_IRQHandler                           0x080001c3   Thumb Code     0  startup_stm32f401xe.o(.text)
    RTC_Alarm_IRQHandler                     0x080001c3   Thumb Code     0  startup_stm32f401xe.o(.text)
    RTC_WKUP_IRQHandler                      0x080001c3   Thumb Code     0  startup_stm32f401xe.o(.text)
    SDIO_IRQHandler                          0x080001c3   Thumb Code     0  startup_stm32f401xe.o(.text)
    SPI1_IRQHandler                          0x080001c3   Thumb Code     0  startup_stm32f401xe.o(.text)
    SPI2_IRQHandler                          0x080001c3   Thumb Code     0  startup_stm32f401xe.o(.text)
    SPI3_IRQHandler                          0x080001c3   Thumb Code     0  startup_stm32f401xe.o(.text)
    SPI4_IRQHandler                          0x080001c3   Thumb Code     0  startup_stm32f401xe.o(.text)
    TAMP_STAMP_IRQHandler                    0x080001c3   Thumb Code     0  startup_stm32f401xe.o(.text)
    TIM1_BRK_TIM9_IRQHandler                 0x080001c3   Thumb Code     0  startup_stm32f401xe.o(.text)
    TIM1_CC_IRQHandler                       0x080001c3   Thumb Code     0  startup_stm32f401xe.o(.text)
    TIM1_TRG_COM_TIM11_IRQHandler            0x080001c3   Thumb Code     0  startup_stm32f401xe.o(.text)
    TIM1_UP_TIM10_IRQHandler                 0x080001c3   Thumb Code     0  startup_stm32f401xe.o(.text)
    TIM2_IRQHandler                          0x080001c3   Thumb Code     0  startup_stm32f401xe.o(.text)
    TIM3_IRQHandler                          0x080001c3   Thumb Code     0  startup_stm32f401xe.o(.text)
    TIM4_IRQHandler                          0x080001c3   Thumb Code     0  startup_stm32f401xe.o(.text)
    TIM5_IRQHandler                          0x080001c3   Thumb Code     0  startup_stm32f401xe.o(.text)
    USART1_IRQHandler                        0x080001c3   Thumb Code     0  startup_stm32f401xe.o(.text)
    USART2_IRQHandler                        0x080001c3   Thumb Code     0  startup_stm32f401xe.o(.text)
    USART6_IRQHandler                        0x080001c3   Thumb Code     0  startup_stm32f401xe.o(.text)
    WWDG_IRQHandler                          0x080001c3   Thumb Code     0  startup_stm32f401xe.o(.text)
    __aeabi_uldivmod                         0x080001cd   Thumb Code    98  uldiv.o(.text)
    __aeabi_memset                           0x0800022f   Thumb Code    14  memseta.o(.text)
    __aeabi_memset4                          0x0800022f   Thumb Code     0  memseta.o(.text)
    __aeabi_memset8                          0x0800022f   Thumb Code     0  memseta.o(.text)
    __aeabi_memclr                           0x0800023d   Thumb Code     4  memseta.o(.text)
    __aeabi_memclr4                          0x0800023d   Thumb Code     0  memseta.o(.text)
    __aeabi_memclr8                          0x0800023d   Thumb Code     0  memseta.o(.text)
    _memset$wrapper                          0x08000241   Thumb Code    18  memseta.o(.text)
    __aeabi_dadd                             0x08000253   Thumb Code   322  dadd.o(.text)
    __aeabi_dsub                             0x08000395   Thumb Code     6  dadd.o(.text)
    __aeabi_drsub                            0x0800039b   Thumb Code     6  dadd.o(.text)
    __aeabi_dmul                             0x080003a1   Thumb Code   228  dmul.o(.text)
    __aeabi_ddiv                             0x08000485   Thumb Code   222  ddiv.o(.text)
    __aeabi_ui2d                             0x08000563   Thumb Code    26  dfltui.o(.text)
    __aeabi_f2d                              0x0800057d   Thumb Code    38  f2d.o(.text)
    __aeabi_cdrcmple                         0x080005a5   Thumb Code    48  cdrcmple.o(.text)
    __aeabi_d2f                              0x080005d5   Thumb Code    56  d2f.o(.text)
    __aeabi_uidiv                            0x0800060d   Thumb Code     0  uidiv.o(.text)
    __aeabi_uidivmod                         0x0800060d   Thumb Code    44  uidiv.o(.text)
    __aeabi_llsl                             0x08000639   Thumb Code    30  llshl.o(.text)
    _ll_shift_l                              0x08000639   Thumb Code     0  llshl.o(.text)
    __aeabi_llsr                             0x08000657   Thumb Code    32  llushr.o(.text)
    _ll_ushift_r                             0x08000657   Thumb Code     0  llushr.o(.text)
    __aeabi_lasr                             0x08000677   Thumb Code    36  llsshr.o(.text)
    _ll_sshift_r                             0x08000677   Thumb Code     0  llsshr.o(.text)
    __I$use$fp                               0x0800069b   Thumb Code     0  iusefp.o(.text)
    _float_round                             0x0800069b   Thumb Code    18  fepilogue.o(.text)
    _float_epilogue                          0x080006ad   Thumb Code    92  fepilogue.o(.text)
    _double_round                            0x08000709   Thumb Code    30  depilogue.o(.text)
    _double_epilogue                         0x08000727   Thumb Code   156  depilogue.o(.text)
    __aeabi_d2ulz                            0x080007c3   Thumb Code    48  dfixul.o(.text)
    __ARM_fcmp4                              0x080007f3   Thumb Code    54  fcmp4.o(.text)
    _fcmp4                                   0x080007f3   Thumb Code     0  fcmp4.o(.text)
    __scatterload                            0x08000829   Thumb Code    28  init.o(.text)
    __scatterload_rt2                        0x08000829   Thumb Code     0  init.o(.text)
    BusFault_Handler                         0x08000975   Thumb Code     2  stm32f4xx_it.o(i.BusFault_Handler)
    Coarse_delay_us                          0x08000979   Thumb Code    22  gy906.o(i.Coarse_delay_us)
    DebugMon_Handler                         0x08000995   Thumb Code     2  stm32f4xx_it.o(i.DebugMon_Handler)
    Error_Handler                            0x08000997   Thumb Code     2  main.o(i.Error_Handler)
    HAL_ADC_ConfigChannel                    0x08000999   Thumb Code   316  stm32f4xx_hal_adc.o(i.HAL_ADC_ConfigChannel)
    HAL_ADC_GetValue                         0x08000ae5   Thumb Code     6  stm32f4xx_hal_adc.o(i.HAL_ADC_GetValue)
    HAL_ADC_Init                             0x08000aeb   Thumb Code    84  stm32f4xx_hal_adc.o(i.HAL_ADC_Init)
    HAL_ADC_MspInit                          0x08000b41   Thumb Code    84  adc.o(i.HAL_ADC_MspInit)
    HAL_ADC_PollForConversion                0x08000ba1   Thumb Code   162  stm32f4xx_hal_adc.o(i.HAL_ADC_PollForConversion)
    HAL_ADC_Start                            0x08000c45   Thumb Code   170  stm32f4xx_hal_adc.o(i.HAL_ADC_Start)
    HAL_DMA_Abort_IT                         0x08000d01   Thumb Code    36  stm32f4xx_hal_dma.o(i.HAL_DMA_Abort_IT)
    HAL_DMA_GetState                         0x08000d25   Thumb Code     6  stm32f4xx_hal_dma.o(i.HAL_DMA_GetState)
    HAL_GPIO_Init                            0x08000d2d   Thumb Code   370  stm32f4xx_hal_gpio.o(i.HAL_GPIO_Init)
    HAL_GPIO_ReadPin                         0x08000ec1   Thumb Code    10  stm32f4xx_hal_gpio.o(i.HAL_GPIO_ReadPin)
    HAL_GPIO_WritePin                        0x08000ecb   Thumb Code    10  stm32f4xx_hal_gpio.o(i.HAL_GPIO_WritePin)
    HAL_GetTick                              0x08000ed5   Thumb Code     6  stm32f4xx_hal.o(i.HAL_GetTick)
    HAL_I2C_AbortCpltCallback                0x08000ee1   Thumb Code     2  stm32f4xx_hal_i2c.o(i.HAL_I2C_AbortCpltCallback)
    HAL_I2C_AddrCallback                     0x08000ee3   Thumb Code     2  stm32f4xx_hal_i2c.o(i.HAL_I2C_AddrCallback)
    HAL_I2C_EV_IRQHandler                    0x08000ee5   Thumb Code   614  stm32f4xx_hal_i2c.o(i.HAL_I2C_EV_IRQHandler)
    HAL_I2C_ErrorCallback                    0x0800114b   Thumb Code     2  stm32f4xx_hal_i2c.o(i.HAL_I2C_ErrorCallback)
    HAL_I2C_Init                             0x0800114d   Thumb Code   376  stm32f4xx_hal_i2c.o(i.HAL_I2C_Init)
    HAL_I2C_ListenCpltCallback               0x080012d5   Thumb Code     2  stm32f4xx_hal_i2c.o(i.HAL_I2C_ListenCpltCallback)
    HAL_I2C_MasterRxCpltCallback             0x080012d7   Thumb Code     2  stm32f4xx_hal_i2c.o(i.HAL_I2C_MasterRxCpltCallback)
    HAL_I2C_MasterTxCpltCallback             0x080012d9   Thumb Code     2  stm32f4xx_hal_i2c.o(i.HAL_I2C_MasterTxCpltCallback)
    HAL_I2C_Master_Transmit                  0x080012dd   Thumb Code   290  stm32f4xx_hal_i2c.o(i.HAL_I2C_Master_Transmit)
    HAL_I2C_MemRxCpltCallback                0x08001409   Thumb Code     2  stm32f4xx_hal_i2c.o(i.HAL_I2C_MemRxCpltCallback)
    HAL_I2C_MemTxCpltCallback                0x0800140b   Thumb Code     2  stm32f4xx_hal_i2c.o(i.HAL_I2C_MemTxCpltCallback)
    HAL_I2C_MspInit                          0x0800140d   Thumb Code   268  i2c.o(i.HAL_I2C_MspInit)
    HAL_I2C_SlaveRxCpltCallback              0x08001535   Thumb Code     2  stm32f4xx_hal_i2c.o(i.HAL_I2C_SlaveRxCpltCallback)
    HAL_I2C_SlaveTxCpltCallback              0x08001537   Thumb Code     2  stm32f4xx_hal_i2c.o(i.HAL_I2C_SlaveTxCpltCallback)
    HAL_IncTick                              0x08001539   Thumb Code    12  stm32f4xx_hal.o(i.HAL_IncTick)
    HAL_Init                                 0x08001549   Thumb Code    48  stm32f4xx_hal.o(i.HAL_Init)
    HAL_InitTick                             0x0800157d   Thumb Code    54  stm32f4xx_hal.o(i.HAL_InitTick)
    HAL_MspInit                              0x080015bd   Thumb Code    48  stm32f4xx_hal_msp.o(i.HAL_MspInit)
    HAL_NVIC_EnableIRQ                       0x080015f1   Thumb Code    26  stm32f4xx_hal_cortex.o(i.HAL_NVIC_EnableIRQ)
    HAL_NVIC_SetPriority                     0x0800160d   Thumb Code    60  stm32f4xx_hal_cortex.o(i.HAL_NVIC_SetPriority)
    HAL_NVIC_SetPriorityGrouping             0x0800164d   Thumb Code    26  stm32f4xx_hal_cortex.o(i.HAL_NVIC_SetPriorityGrouping)
    HAL_RCC_ClockConfig                      0x08001671   Thumb Code   288  stm32f4xx_hal_rcc.o(i.HAL_RCC_ClockConfig)
    HAL_RCC_GetHCLKFreq                      0x080017a5   Thumb Code     6  stm32f4xx_hal_rcc.o(i.HAL_RCC_GetHCLKFreq)
    HAL_RCC_GetPCLK1Freq                     0x080017b1   Thumb Code    20  stm32f4xx_hal_rcc.o(i.HAL_RCC_GetPCLK1Freq)
    HAL_RCC_GetSysClockFreq                  0x080017d1   Thumb Code    88  stm32f4xx_hal_rcc.o(i.HAL_RCC_GetSysClockFreq)
    HAL_RCC_OscConfig                        0x08001835   Thumb Code   840  stm32f4xx_hal_rcc.o(i.HAL_RCC_OscConfig)
    HAL_SYSTICK_Config                       0x08001b91   Thumb Code    40  stm32f4xx_hal_cortex.o(i.HAL_SYSTICK_Config)
    HAL_TIMEx_ConfigBreakDeadTime            0x08001bb9   Thumb Code    84  stm32f4xx_hal_tim_ex.o(i.HAL_TIMEx_ConfigBreakDeadTime)
    HAL_TIMEx_MasterConfigSynchronization    0x08001c0d   Thumb Code   104  stm32f4xx_hal_tim_ex.o(i.HAL_TIMEx_MasterConfigSynchronization)
    HAL_TIM_Base_Init                        0x08001c89   Thumb Code    54  stm32f4xx_hal_tim.o(i.HAL_TIM_Base_Init)
    HAL_TIM_Base_MspInit                     0x08001cc1   Thumb Code    42  tim.o(i.HAL_TIM_Base_MspInit)
    HAL_TIM_ConfigClockSource                0x08001cf5   Thumb Code   214  stm32f4xx_hal_tim.o(i.HAL_TIM_ConfigClockSource)
    HAL_TIM_Encoder_Init                     0x08001dcb   Thumb Code   152  stm32f4xx_hal_tim.o(i.HAL_TIM_Encoder_Init)
    HAL_TIM_Encoder_MspInit                  0x08001e65   Thumb Code   130  tim.o(i.HAL_TIM_Encoder_MspInit)
    HAL_TIM_MspPostInit                      0x08001ef9   Thumb Code   104  tim.o(i.HAL_TIM_MspPostInit)
    HAL_TIM_PWM_ConfigChannel                0x08001f6d   Thumb Code   208  stm32f4xx_hal_tim.o(i.HAL_TIM_PWM_ConfigChannel)
    HAL_TIM_PWM_Init                         0x0800203d   Thumb Code    54  stm32f4xx_hal_tim.o(i.HAL_TIM_PWM_Init)
    HAL_TIM_PWM_MspInit                      0x08002073   Thumb Code     2  stm32f4xx_hal_tim.o(i.HAL_TIM_PWM_MspInit)
    HAL_TIM_PWM_Start                        0x08002075   Thumb Code    52  stm32f4xx_hal_tim.o(i.HAL_TIM_PWM_Start)
    HardFault_Handler                        0x080020ad   Thumb Code     2  stm32f4xx_it.o(i.HardFault_Handler)
    I2C1_EV_IRQHandler                       0x080020b1   Thumb Code     6  stm32f4xx_it.o(i.I2C1_EV_IRQHandler)
    MX_ADC1_Init                             0x08002bb9   Thumb Code    82  adc.o(i.MX_ADC1_Init)
    MX_GPIO_Init                             0x08002c19   Thumb Code   146  gpio.o(i.MX_GPIO_Init)
    MX_I2C1_Init                             0x08002cb9   Thumb Code    50  i2c.o(i.MX_I2C1_Init)
    MX_I2C2_Init                             0x08002cf9   Thumb Code    50  i2c.o(i.MX_I2C2_Init)
    MX_I2C3_Init                             0x08002d39   Thumb Code    50  i2c.o(i.MX_I2C3_Init)
    MX_TIM1_Init                             0x08002d79   Thumb Code   194  tim.o(i.MX_TIM1_Init)
    MX_TIM2_Init                             0x08002e45   Thumb Code   148  tim.o(i.MX_TIM2_Init)
    MX_TIM3_Init                             0x08002edd   Thumb Code    96  tim.o(i.MX_TIM3_Init)
    MX_TIM4_Init                             0x08002f45   Thumb Code    96  tim.o(i.MX_TIM4_Init)
    MemManage_Handler                        0x08002fad   Thumb Code     2  stm32f4xx_it.o(i.MemManage_Handler)
    Motor_SetDirection                       0x08002fb1   Thumb Code    30  pwm driver.o(i.Motor_SetDirection)
    Motor_SetSpeed                           0x08002fd9   Thumb Code    24  pwm driver.o(i.Motor_SetSpeed)
    NMI_Handler                              0x08002ff9   Thumb Code     2  stm32f4xx_it.o(i.NMI_Handler)
    OLED_Clear                               0x08002ffd   Thumb Code    34  oled.o(i.OLED_Clear)
    OLED_ClearArea                           0x08003025   Thumb Code    86  oled.o(i.OLED_ClearArea)
    OLED_GPIO_Init                           0x08003081   Thumb Code    22  oled.o(i.OLED_GPIO_Init)
    OLED_Init                                0x08003097   Thumb Code   156  oled.o(i.OLED_Init)
    OLED_Printf                              0x08003133   Thumb Code    42  oled.o(i.OLED_Printf)
    OLED_SetCursor                           0x0800315d   Thumb Code    34  oled.o(i.OLED_SetCursor)
    OLED_ShowChar                            0x08003181   Thumb Code    52  oled.o(i.OLED_ShowChar)
    OLED_ShowImage                           0x080031bd   Thumb Code   186  oled.o(i.OLED_ShowImage)
    OLED_ShowString                          0x0800327d   Thumb Code   134  oled.o(i.OLED_ShowString)
    OLED_Update                              0x08003305   Thumb Code    34  oled.o(i.OLED_Update)
    OLED_WriteCommand                        0x0800332d   Thumb Code    28  oled.o(i.OLED_WriteCommand)
    OLED_WriteData                           0x0800334d   Thumb Code    62  oled.o(i.OLED_WriteData)
    PEC_Calculation                          0x08003391   Thumb Code   168  gy906.o(i.PEC_Calculation)
    PendSV_Handler                           0x08003439   Thumb Code     2  stm32f4xx_it.o(i.PendSV_Handler)
    SMBus_Init                               0x0800343d   Thumb Code    28  gy906.o(i.SMBus_Init)
    SMBus_ReadMemory                         0x0800345d   Thumb Code   142  gy906.o(i.SMBus_ReadMemory)
    SMBus_ReadTemp                           0x080034ed   Thumb Code    48  gy906.o(i.SMBus_ReadTemp)
    SMBus_ReceiveBit                         0x0800352d   Thumb Code    74  gy906.o(i.SMBus_ReceiveBit)
    SMBus_ReceiveByte                        0x0800357d   Thumb Code    50  gy906.o(i.SMBus_ReceiveByte)
    SMBus_SendBit                            0x080035b1   Thumb Code    64  gy906.o(i.SMBus_SendBit)
    SMBus_SendByte                           0x080035f5   Thumb Code    40  gy906.o(i.SMBus_SendByte)
    SMBus_StartBit                           0x0800361d   Thumb Code    74  gy906.o(i.SMBus_StartBit)
    SMBus_StopBit                            0x0800366d   Thumb Code    70  gy906.o(i.SMBus_StopBit)
    SVC_Handler                              0x080036b9   Thumb Code     2  stm32f4xx_it.o(i.SVC_Handler)
    SysTick_Handler                          0x080036bb   Thumb Code     4  stm32f4xx_it.o(i.SysTick_Handler)
    SystemClock_Config                       0x080036c1   Thumb Code   124  main.o(i.SystemClock_Config)
    SystemInit                               0x08003745   Thumb Code    22  system_stm32f4xx.o(i.SystemInit)
    TIM_Base_SetConfig                       0x08003761   Thumb Code   122  stm32f4xx_hal_tim.o(i.TIM_Base_SetConfig)
    TIM_CCxChannelCmd                        0x080037f9   Thumb Code    26  stm32f4xx_hal_tim.o(i.TIM_CCxChannelCmd)
    TIM_ETR_SetConfig                        0x08003813   Thumb Code    20  stm32f4xx_hal_tim.o(i.TIM_ETR_SetConfig)
    TIM_OC2_SetConfig                        0x08003889   Thumb Code    84  stm32f4xx_hal_tim.o(i.TIM_OC2_SetConfig)
    UsageFault_Handler                       0x080039c3   Thumb Code     2  stm32f4xx_it.o(i.UsageFault_Handler)
    __0vsprintf                              0x080039c5   Thumb Code    30  printfa.o(i.__0vsprintf)
    __1vsprintf                              0x080039c5   Thumb Code     0  printfa.o(i.__0vsprintf)
    __2vsprintf                              0x080039c5   Thumb Code     0  printfa.o(i.__0vsprintf)
    __c89vsprintf                            0x080039c5   Thumb Code     0  printfa.o(i.__0vsprintf)
    vsprintf                                 0x080039c5   Thumb Code     0  printfa.o(i.__0vsprintf)
    __hardfp_fmaxf                           0x08003a09   Thumb Code    72  fmaxf.o(i.__hardfp_fmaxf)
    __hardfp_fminf                           0x08003a51   Thumb Code    72  fminf.o(i.__hardfp_fminf)
    __scatterload_copy                       0x08003a99   Thumb Code    14  handlers.o(i.__scatterload_copy)
    __scatterload_null                       0x08003aa7   Thumb Code     2  handlers.o(i.__scatterload_null)
    __scatterload_zeroinit                   0x08003aa9   Thumb Code    14  handlers.o(i.__scatterload_zeroinit)
    free                                     0x08004375   Thumb Code    76  malloc.o(i.free)
    main                                     0x080043c5   Thumb Code   506  main.o(i.main)
    malloc                                   0x08004621   Thumb Code    92  malloc.o(i.malloc)
    OLED_F8x16                               0x0800468c   Data        1520  oled_data.o(.constdata)
    OLED_F6x8                                0x08004c7c   Data         570  oled_data.o(.constdata)
    AHBPrescTable                            0x08004eb6   Data          16  system_stm32f4xx.o(.constdata)
    APBPrescTable                            0x08004ec6   Data           8  system_stm32f4xx.o(.constdata)
    Region$$Table$$Base                      0x08004ed0   Number         0  anon$$obj.o(Region$$Table)
    Region$$Table$$Limit                     0x08004ef0   Number         0  anon$$obj.o(Region$$Table)
    voltage                                  0x20000000   Data           4  main.o(.data)
    distance                                 0x20000004   Data           4  main.o(.data)
    filtered_distance                        0x20000008   Data           4  main.o(.data)
    current_mode                             0x2000000c   Data           4  main.o(.data)
    temperature                              0x20000010   Data           4  main.o(.data)
    heat_detected                            0x20000014   Data           4  main.o(.data)
    uwTickFreq                               0x20000018   Data           1  stm32f4xx_hal.o(.data)
    uwTickPrio                               0x2000001c   Data           4  stm32f4xx_hal.o(.data)
    uwTick                                   0x20000020   Data           4  stm32f4xx_hal.o(.data)
    SystemCoreClock                          0x20000024   Data           4  system_stm32f4xx.o(.data)
    __microlib_freelist                      0x20000028   Data           4  mvars.o(.data)
    __microlib_freelist_initialised          0x2000002c   Data           4  mvars.o(.data)
    OLED_DisplayBuf                          0x20000030   Data        1024  oled.o(.bss)
    hadc1                                    0x20000430   Data          72  adc.o(.bss)
    hi2c1                                    0x20000478   Data          84  i2c.o(.bss)
    hi2c2                                    0x200004cc   Data          84  i2c.o(.bss)
    hi2c3                                    0x20000520   Data          84  i2c.o(.bss)
    htim1                                    0x20000574   Data          64  tim.o(.bss)
    htim2                                    0x200005b4   Data          64  tim.o(.bss)
    htim3                                    0x200005f4   Data          64  tim.o(.bss)
    htim4                                    0x20000634   Data          64  tim.o(.bss)
    __heap_base                              0x20000678   Data           0  startup_stm32f401xe.o(HEAP)
    __heap_limit                             0x20000878   Data           0  startup_stm32f401xe.o(HEAP)
    __initial_sp                             0x20000c78   Data           0  startup_stm32f401xe.o(STACK)



==============================================================================

Memory Map of the image

  Image Entry point : 0x08000195

  Load Region LR_IROM1 (Base: 0x08000000, Size: 0x00004f20, Max: 0x00080000, ABSOLUTE)

    Execution Region ER_IROM1 (Exec base: 0x08000000, Load base: 0x08000000, Size: 0x00004ef0, Max: 0x00080000, ABSOLUTE)

    Exec Addr    Load Addr    Size         Type   Attr      Idx    E Section Name        Object

    0x08000000   0x08000000   0x00000194   Data   RO            3    RESET               startup_stm32f401xe.o
    0x08000194   0x08000194   0x00000000   Code   RO         3847  * .ARM.Collect$$$$00000000  mc_w.l(entry.o)
    0x08000194   0x08000194   0x00000004   Code   RO         4186    .ARM.Collect$$$$00000001  mc_w.l(entry2.o)
    0x08000198   0x08000198   0x00000004   Code   RO         4189    .ARM.Collect$$$$00000004  mc_w.l(entry5.o)
    0x0800019c   0x0800019c   0x00000000   Code   RO         4191    .ARM.Collect$$$$00000008  mc_w.l(entry7b.o)
    0x0800019c   0x0800019c   0x00000000   Code   RO         4193    .ARM.Collect$$$$0000000A  mc_w.l(entry8b.o)
    0x0800019c   0x0800019c   0x00000008   Code   RO         4194    .ARM.Collect$$$$0000000B  mc_w.l(entry9a.o)
    0x080001a4   0x080001a4   0x00000000   Code   RO         4196    .ARM.Collect$$$$0000000D  mc_w.l(entry10a.o)
    0x080001a4   0x080001a4   0x00000000   Code   RO         4198    .ARM.Collect$$$$0000000F  mc_w.l(entry11a.o)
    0x080001a4   0x080001a4   0x00000004   Code   RO         4187    .ARM.Collect$$$$00002712  mc_w.l(entry2.o)
    0x080001a8   0x080001a8   0x00000024   Code   RO            4    .text               startup_stm32f401xe.o
    0x080001cc   0x080001cc   0x00000062   Code   RO         3850    .text               mc_w.l(uldiv.o)
    0x0800022e   0x0800022e   0x00000024   Code   RO         3852    .text               mc_w.l(memseta.o)
    0x08000252   0x08000252   0x0000014e   Code   RO         4143    .text               mf_w.l(dadd.o)
    0x080003a0   0x080003a0   0x000000e4   Code   RO         4145    .text               mf_w.l(dmul.o)
    0x08000484   0x08000484   0x000000de   Code   RO         4147    .text               mf_w.l(ddiv.o)
    0x08000562   0x08000562   0x0000001a   Code   RO         4153    .text               mf_w.l(dfltui.o)
    0x0800057c   0x0800057c   0x00000026   Code   RO         4159    .text               mf_w.l(f2d.o)
    0x080005a2   0x080005a2   0x00000002   PAD
    0x080005a4   0x080005a4   0x00000030   Code   RO         4163    .text               mf_w.l(cdrcmple.o)
    0x080005d4   0x080005d4   0x00000038   Code   RO         4165    .text               mf_w.l(d2f.o)
    0x0800060c   0x0800060c   0x0000002c   Code   RO         4203    .text               mc_w.l(uidiv.o)
    0x08000638   0x08000638   0x0000001e   Code   RO         4205    .text               mc_w.l(llshl.o)
    0x08000656   0x08000656   0x00000020   Code   RO         4207    .text               mc_w.l(llushr.o)
    0x08000676   0x08000676   0x00000024   Code   RO         4209    .text               mc_w.l(llsshr.o)
    0x0800069a   0x0800069a   0x00000000   Code   RO         4224    .text               mc_w.l(iusefp.o)
    0x0800069a   0x0800069a   0x0000006e   Code   RO         4225    .text               mf_w.l(fepilogue.o)
    0x08000708   0x08000708   0x000000ba   Code   RO         4227    .text               mf_w.l(depilogue.o)
    0x080007c2   0x080007c2   0x00000030   Code   RO         4233    .text               mf_w.l(dfixul.o)
    0x080007f2   0x080007f2   0x00000036   Code   RO         4235    .text               mf_w.l(fcmp4.o)
    0x08000828   0x08000828   0x00000024   Code   RO         4237    .text               mc_w.l(init.o)
    0x0800084c   0x0800084c   0x00000128   Code   RO          919    i.ADC_Init          stm32f4xx_hal_adc.o
    0x08000974   0x08000974   0x00000002   Code   RO          810    i.BusFault_Handler  stm32f4xx_it.o
    0x08000976   0x08000976   0x00000002   PAD
    0x08000978   0x08000978   0x0000001c   Code   RO          351    i.Coarse_delay_us   gy906.o
    0x08000994   0x08000994   0x00000002   Code   RO          811    i.DebugMon_Handler  stm32f4xx_it.o
    0x08000996   0x08000996   0x00000002   Code   RO          557    i.Error_Handler     main.o
    0x08000998   0x08000998   0x0000014c   Code   RO          921    i.HAL_ADC_ConfigChannel  stm32f4xx_hal_adc.o
    0x08000ae4   0x08000ae4   0x00000006   Code   RO          928    i.HAL_ADC_GetValue  stm32f4xx_hal_adc.o
    0x08000aea   0x08000aea   0x00000054   Code   RO          930    i.HAL_ADC_Init      stm32f4xx_hal_adc.o
    0x08000b3e   0x08000b3e   0x00000002   PAD
    0x08000b40   0x08000b40   0x00000060   Code   RO          637    i.HAL_ADC_MspInit   adc.o
    0x08000ba0   0x08000ba0   0x000000a2   Code   RO          934    i.HAL_ADC_PollForConversion  stm32f4xx_hal_adc.o
    0x08000c42   0x08000c42   0x00000002   PAD
    0x08000c44   0x08000c44   0x000000bc   Code   RO          936    i.HAL_ADC_Start     stm32f4xx_hal_adc.o
    0x08000d00   0x08000d00   0x00000024   Code   RO         1678    i.HAL_DMA_Abort_IT  stm32f4xx_hal_dma.o
    0x08000d24   0x08000d24   0x00000006   Code   RO         1681    i.HAL_DMA_GetState  stm32f4xx_hal_dma.o
    0x08000d2a   0x08000d2a   0x00000002   PAD
    0x08000d2c   0x08000d2c   0x00000194   Code   RO         1570    i.HAL_GPIO_Init     stm32f4xx_hal_gpio.o
    0x08000ec0   0x08000ec0   0x0000000a   Code   RO         1572    i.HAL_GPIO_ReadPin  stm32f4xx_hal_gpio.o
    0x08000eca   0x08000eca   0x0000000a   Code   RO         1574    i.HAL_GPIO_WritePin  stm32f4xx_hal_gpio.o
    0x08000ed4   0x08000ed4   0x0000000c   Code   RO         2126    i.HAL_GetTick       stm32f4xx_hal.o
    0x08000ee0   0x08000ee0   0x00000002   Code   RO         2371    i.HAL_I2C_AbortCpltCallback  stm32f4xx_hal_i2c.o
    0x08000ee2   0x08000ee2   0x00000002   Code   RO         2372    i.HAL_I2C_AddrCallback  stm32f4xx_hal_i2c.o
    0x08000ee4   0x08000ee4   0x00000266   Code   RO         2376    i.HAL_I2C_EV_IRQHandler  stm32f4xx_hal_i2c.o
    0x0800114a   0x0800114a   0x00000002   Code   RO         2378    i.HAL_I2C_ErrorCallback  stm32f4xx_hal_i2c.o
    0x0800114c   0x0800114c   0x00000188   Code   RO         2382    i.HAL_I2C_Init      stm32f4xx_hal_i2c.o
    0x080012d4   0x080012d4   0x00000002   Code   RO         2384    i.HAL_I2C_ListenCpltCallback  stm32f4xx_hal_i2c.o
    0x080012d6   0x080012d6   0x00000002   Code   RO         2385    i.HAL_I2C_MasterRxCpltCallback  stm32f4xx_hal_i2c.o
    0x080012d8   0x080012d8   0x00000002   Code   RO         2386    i.HAL_I2C_MasterTxCpltCallback  stm32f4xx_hal_i2c.o
    0x080012da   0x080012da   0x00000002   PAD
    0x080012dc   0x080012dc   0x0000012c   Code   RO         2395    i.HAL_I2C_Master_Transmit  stm32f4xx_hal_i2c.o
    0x08001408   0x08001408   0x00000002   Code   RO         2398    i.HAL_I2C_MemRxCpltCallback  stm32f4xx_hal_i2c.o
    0x0800140a   0x0800140a   0x00000002   Code   RO         2399    i.HAL_I2C_MemTxCpltCallback  stm32f4xx_hal_i2c.o
    0x0800140c   0x0800140c   0x00000128   Code   RO          679    i.HAL_I2C_MspInit   i2c.o
    0x08001534   0x08001534   0x00000002   Code   RO         2408    i.HAL_I2C_SlaveRxCpltCallback  stm32f4xx_hal_i2c.o
    0x08001536   0x08001536   0x00000002   Code   RO         2409    i.HAL_I2C_SlaveTxCpltCallback  stm32f4xx_hal_i2c.o
    0x08001538   0x08001538   0x00000010   Code   RO         2132    i.HAL_IncTick       stm32f4xx_hal.o
    0x08001548   0x08001548   0x00000034   Code   RO         2133    i.HAL_Init          stm32f4xx_hal.o
    0x0800157c   0x0800157c   0x00000040   Code   RO         2134    i.HAL_InitTick      stm32f4xx_hal.o
    0x080015bc   0x080015bc   0x00000034   Code   RO          892    i.HAL_MspInit       stm32f4xx_hal_msp.o
    0x080015f0   0x080015f0   0x0000001a   Code   RO         1983    i.HAL_NVIC_EnableIRQ  stm32f4xx_hal_cortex.o
    0x0800160a   0x0800160a   0x00000002   PAD
    0x0800160c   0x0800160c   0x00000040   Code   RO         1989    i.HAL_NVIC_SetPriority  stm32f4xx_hal_cortex.o
    0x0800164c   0x0800164c   0x00000024   Code   RO         1990    i.HAL_NVIC_SetPriorityGrouping  stm32f4xx_hal_cortex.o
    0x08001670   0x08001670   0x00000134   Code   RO         1192    i.HAL_RCC_ClockConfig  stm32f4xx_hal_rcc.o
    0x080017a4   0x080017a4   0x0000000c   Code   RO         1197    i.HAL_RCC_GetHCLKFreq  stm32f4xx_hal_rcc.o
    0x080017b0   0x080017b0   0x00000020   Code   RO         1199    i.HAL_RCC_GetPCLK1Freq  stm32f4xx_hal_rcc.o
    0x080017d0   0x080017d0   0x00000064   Code   RO         1201    i.HAL_RCC_GetSysClockFreq  stm32f4xx_hal_rcc.o
    0x08001834   0x08001834   0x0000035c   Code   RO         1204    i.HAL_RCC_OscConfig  stm32f4xx_hal_rcc.o
    0x08001b90   0x08001b90   0x00000028   Code   RO         1994    i.HAL_SYSTICK_Config  stm32f4xx_hal_cortex.o
    0x08001bb8   0x08001bb8   0x00000054   Code   RO         3508    i.HAL_TIMEx_ConfigBreakDeadTime  stm32f4xx_hal_tim_ex.o
    0x08001c0c   0x08001c0c   0x0000007c   Code   RO         3523    i.HAL_TIMEx_MasterConfigSynchronization  stm32f4xx_hal_tim_ex.o
    0x08001c88   0x08001c88   0x00000036   Code   RO         2830    i.HAL_TIM_Base_Init  stm32f4xx_hal_tim.o
    0x08001cbe   0x08001cbe   0x00000002   PAD
    0x08001cc0   0x08001cc0   0x00000034   Code   RO          733    i.HAL_TIM_Base_MspInit  tim.o
    0x08001cf4   0x08001cf4   0x000000d6   Code   RO         2839    i.HAL_TIM_ConfigClockSource  stm32f4xx_hal_tim.o
    0x08001dca   0x08001dca   0x00000098   Code   RO         2848    i.HAL_TIM_Encoder_Init  stm32f4xx_hal_tim.o
    0x08001e62   0x08001e62   0x00000002   PAD
    0x08001e64   0x08001e64   0x00000094   Code   RO          735    i.HAL_TIM_Encoder_MspInit  tim.o
    0x08001ef8   0x08001ef8   0x00000074   Code   RO          736    i.HAL_TIM_MspPostInit  tim.o
    0x08001f6c   0x08001f6c   0x000000d0   Code   RO         2897    i.HAL_TIM_PWM_ConfigChannel  stm32f4xx_hal_tim.o
    0x0800203c   0x0800203c   0x00000036   Code   RO         2900    i.HAL_TIM_PWM_Init  stm32f4xx_hal_tim.o
    0x08002072   0x08002072   0x00000002   Code   RO         2902    i.HAL_TIM_PWM_MspInit  stm32f4xx_hal_tim.o
    0x08002074   0x08002074   0x00000038   Code   RO         2905    i.HAL_TIM_PWM_Start  stm32f4xx_hal_tim.o
    0x080020ac   0x080020ac   0x00000002   Code   RO          812    i.HardFault_Handler  stm32f4xx_it.o
    0x080020ae   0x080020ae   0x00000002   PAD
    0x080020b0   0x080020b0   0x0000000c   Code   RO          813    i.I2C1_EV_IRQHandler  stm32f4xx_it.o
    0x080020bc   0x080020bc   0x000000bc   Code   RO         2420    i.I2C_DMAAbort      stm32f4xx_hal_i2c.o
    0x08002178   0x08002178   0x00000158   Code   RO         2423    i.I2C_ITError       stm32f4xx_hal_i2c.o
    0x080022d0   0x080022d0   0x0000002e   Code   RO         2424    i.I2C_IsAcknowledgeFailed  stm32f4xx_hal_i2c.o
    0x080022fe   0x080022fe   0x000000d2   Code   RO         2425    i.I2C_MasterReceive_BTF  stm32f4xx_hal_i2c.o
    0x080023d0   0x080023d0   0x000000e8   Code   RO         2426    i.I2C_MasterReceive_RXNE  stm32f4xx_hal_i2c.o
    0x080024b8   0x080024b8   0x0000009c   Code   RO         2428    i.I2C_MasterRequestWrite  stm32f4xx_hal_i2c.o
    0x08002554   0x08002554   0x00000074   Code   RO         2429    i.I2C_MasterTransmit_BTF  stm32f4xx_hal_i2c.o
    0x080025c8   0x080025c8   0x000000b6   Code   RO         2430    i.I2C_MasterTransmit_TXE  stm32f4xx_hal_i2c.o
    0x0800267e   0x0800267e   0x00000002   PAD
    0x08002680   0x08002680   0x00000118   Code   RO         2431    i.I2C_Master_ADDR   stm32f4xx_hal_i2c.o
    0x08002798   0x08002798   0x0000008c   Code   RO         2432    i.I2C_Master_SB     stm32f4xx_hal_i2c.o
    0x08002824   0x08002824   0x000000a0   Code   RO         2433    i.I2C_MemoryTransmit_TXE_BTF  stm32f4xx_hal_i2c.o
    0x080028c4   0x080028c4   0x0000015c   Code   RO         2437    i.I2C_Slave_STOPF   stm32f4xx_hal_i2c.o
    0x08002a20   0x08002a20   0x0000004c   Code   RO         2438    i.I2C_WaitOnBTFFlagUntilTimeout  stm32f4xx_hal_i2c.o
    0x08002a6c   0x08002a6c   0x00000068   Code   RO         2439    i.I2C_WaitOnFlagUntilTimeout  stm32f4xx_hal_i2c.o
    0x08002ad4   0x08002ad4   0x00000096   Code   RO         2440    i.I2C_WaitOnMasterAddressFlagUntilTimeout  stm32f4xx_hal_i2c.o
    0x08002b6a   0x08002b6a   0x0000004c   Code   RO         2442    i.I2C_WaitOnTXEFlagUntilTimeout  stm32f4xx_hal_i2c.o
    0x08002bb6   0x08002bb6   0x00000002   PAD
    0x08002bb8   0x08002bb8   0x00000060   Code   RO          638    i.MX_ADC1_Init      adc.o
    0x08002c18   0x08002c18   0x000000a0   Code   RO          612    i.MX_GPIO_Init      gpio.o
    0x08002cb8   0x08002cb8   0x00000040   Code   RO          680    i.MX_I2C1_Init      i2c.o
    0x08002cf8   0x08002cf8   0x00000040   Code   RO          681    i.MX_I2C2_Init      i2c.o
    0x08002d38   0x08002d38   0x00000040   Code   RO          682    i.MX_I2C3_Init      i2c.o
    0x08002d78   0x08002d78   0x000000cc   Code   RO          737    i.MX_TIM1_Init      tim.o
    0x08002e44   0x08002e44   0x00000098   Code   RO          738    i.MX_TIM2_Init      tim.o
    0x08002edc   0x08002edc   0x00000068   Code   RO          739    i.MX_TIM3_Init      tim.o
    0x08002f44   0x08002f44   0x00000068   Code   RO          740    i.MX_TIM4_Init      tim.o
    0x08002fac   0x08002fac   0x00000002   Code   RO          814    i.MemManage_Handler  stm32f4xx_it.o
    0x08002fae   0x08002fae   0x00000002   PAD
    0x08002fb0   0x08002fb0   0x00000028   Code   RO          512    i.Motor_SetDirection  pwm driver.o
    0x08002fd8   0x08002fd8   0x00000020   Code   RO          513    i.Motor_SetSpeed    pwm driver.o
    0x08002ff8   0x08002ff8   0x00000002   Code   RO          815    i.NMI_Handler       stm32f4xx_it.o
    0x08002ffa   0x08002ffa   0x00000002   PAD
    0x08002ffc   0x08002ffc   0x00000028   Code   RO           13    i.OLED_Clear        oled.o
    0x08003024   0x08003024   0x0000005c   Code   RO           14    i.OLED_ClearArea    oled.o
    0x08003080   0x08003080   0x00000016   Code   RO           16    i.OLED_GPIO_Init    oled.o
    0x08003096   0x08003096   0x0000009c   Code   RO           21    i.OLED_Init         oled.o
    0x08003132   0x08003132   0x0000002a   Code   RO           24    i.OLED_Printf       oled.o
    0x0800315c   0x0800315c   0x00000022   Code   RO           27    i.OLED_SetCursor    oled.o
    0x0800317e   0x0800317e   0x00000002   PAD
    0x08003180   0x08003180   0x0000003c   Code   RO           29    i.OLED_ShowChar     oled.o
    0x080031bc   0x080031bc   0x000000c0   Code   RO           32    i.OLED_ShowImage    oled.o
    0x0800327c   0x0800327c   0x00000086   Code   RO           35    i.OLED_ShowString   oled.o
    0x08003302   0x08003302   0x00000002   PAD
    0x08003304   0x08003304   0x00000028   Code   RO           36    i.OLED_Update       oled.o
    0x0800332c   0x0800332c   0x00000020   Code   RO           38    i.OLED_WriteCommand  oled.o
    0x0800334c   0x0800334c   0x00000044   Code   RO           39    i.OLED_WriteData    oled.o
    0x08003390   0x08003390   0x000000a8   Code   RO          352    i.PEC_Calculation   gy906.o
    0x08003438   0x08003438   0x00000002   Code   RO          816    i.PendSV_Handler    stm32f4xx_it.o
    0x0800343a   0x0800343a   0x00000002   PAD
    0x0800343c   0x0800343c   0x00000020   Code   RO          354    i.SMBus_Init        gy906.o
    0x0800345c   0x0800345c   0x0000008e   Code   RO          355    i.SMBus_ReadMemory  gy906.o
    0x080034ea   0x080034ea   0x00000002   PAD
    0x080034ec   0x080034ec   0x00000040   Code   RO          356    i.SMBus_ReadTemp    gy906.o
    0x0800352c   0x0800352c   0x00000050   Code   RO          357    i.SMBus_ReceiveBit  gy906.o
    0x0800357c   0x0800357c   0x00000032   Code   RO          358    i.SMBus_ReceiveByte  gy906.o
    0x080035ae   0x080035ae   0x00000002   PAD
    0x080035b0   0x080035b0   0x00000044   Code   RO          359    i.SMBus_SendBit     gy906.o
    0x080035f4   0x080035f4   0x00000028   Code   RO          360    i.SMBus_SendByte    gy906.o
    0x0800361c   0x0800361c   0x00000050   Code   RO          361    i.SMBus_StartBit    gy906.o
    0x0800366c   0x0800366c   0x0000004c   Code   RO          362    i.SMBus_StopBit     gy906.o
    0x080036b8   0x080036b8   0x00000002   Code   RO          817    i.SVC_Handler       stm32f4xx_it.o
    0x080036ba   0x080036ba   0x00000004   Code   RO          818    i.SysTick_Handler   stm32f4xx_it.o
    0x080036be   0x080036be   0x00000002   PAD
    0x080036c0   0x080036c0   0x00000084   Code   RO          558    i.SystemClock_Config  main.o
    0x08003744   0x08003744   0x0000001c   Code   RO         3757    i.SystemInit        system_stm32f4xx.o
    0x08003760   0x08003760   0x00000098   Code   RO         2918    i.TIM_Base_SetConfig  stm32f4xx_hal_tim.o
    0x080037f8   0x080037f8   0x0000001a   Code   RO         2919    i.TIM_CCxChannelCmd  stm32f4xx_hal_tim.o
    0x08003812   0x08003812   0x00000014   Code   RO         2929    i.TIM_ETR_SetConfig  stm32f4xx_hal_tim.o
    0x08003826   0x08003826   0x00000010   Code   RO         2930    i.TIM_ITRx_SetConfig  stm32f4xx_hal_tim.o
    0x08003836   0x08003836   0x00000002   PAD
    0x08003838   0x08003838   0x00000050   Code   RO         2931    i.TIM_OC1_SetConfig  stm32f4xx_hal_tim.o
    0x08003888   0x08003888   0x00000058   Code   RO         2932    i.TIM_OC2_SetConfig  stm32f4xx_hal_tim.o
    0x080038e0   0x080038e0   0x00000058   Code   RO         2933    i.TIM_OC3_SetConfig  stm32f4xx_hal_tim.o
    0x08003938   0x08003938   0x00000044   Code   RO         2934    i.TIM_OC4_SetConfig  stm32f4xx_hal_tim.o
    0x0800397c   0x0800397c   0x00000022   Code   RO         2936    i.TIM_TI1_ConfigInputStage  stm32f4xx_hal_tim.o
    0x0800399e   0x0800399e   0x00000024   Code   RO         2938    i.TIM_TI2_ConfigInputStage  stm32f4xx_hal_tim.o
    0x080039c2   0x080039c2   0x00000002   Code   RO          819    i.UsageFault_Handler  stm32f4xx_it.o
    0x080039c4   0x080039c4   0x00000024   Code   RO         4093    i.__0vsprintf       mc_w.l(printfa.o)
    0x080039e8   0x080039e8   0x00000020   Code   RO         1996    i.__NVIC_SetPriority  stm32f4xx_hal_cortex.o
    0x08003a08   0x08003a08   0x00000048   Code   RO         3839    i.__hardfp_fmaxf    m_wm.l(fmaxf.o)
    0x08003a50   0x08003a50   0x00000048   Code   RO         3843    i.__hardfp_fminf    m_wm.l(fminf.o)
    0x08003a98   0x08003a98   0x0000000e   Code   RO         4243    i.__scatterload_copy  mc_w.l(handlers.o)
    0x08003aa6   0x08003aa6   0x00000002   Code   RO         4244    i.__scatterload_null  mc_w.l(handlers.o)
    0x08003aa8   0x08003aa8   0x0000000e   Code   RO         4245    i.__scatterload_zeroinit  mc_w.l(handlers.o)
    0x08003ab6   0x08003ab6   0x00000002   PAD
    0x08003ab8   0x08003ab8   0x00000184   Code   RO         4094    i._fp_digits        mc_w.l(printfa.o)
    0x08003c3c   0x08003c3c   0x000006dc   Code   RO         4095    i._printf_core      mc_w.l(printfa.o)
    0x08004318   0x08004318   0x00000024   Code   RO         4096    i._printf_post_padding  mc_w.l(printfa.o)
    0x0800433c   0x0800433c   0x0000002e   Code   RO         4097    i._printf_pre_padding  mc_w.l(printfa.o)
    0x0800436a   0x0800436a   0x0000000a   Code   RO         4099    i._sputc            mc_w.l(printfa.o)
    0x08004374   0x08004374   0x00000050   Code   RO         4115    i.free              mc_w.l(malloc.o)
    0x080043c4   0x080043c4   0x0000025c   Code   RO          559    i.main              main.o
    0x08004620   0x08004620   0x0000006c   Code   RO         4116    i.malloc            mc_w.l(malloc.o)
    0x0800468c   0x0800468c   0x000005f0   Data   RO          325    .constdata          oled_data.o
    0x08004c7c   0x08004c7c   0x0000023a   Data   RO          326    .constdata          oled_data.o
    0x08004eb6   0x08004eb6   0x00000010   Data   RO         3758    .constdata          system_stm32f4xx.o
    0x08004ec6   0x08004ec6   0x00000008   Data   RO         3759    .constdata          system_stm32f4xx.o
    0x08004ece   0x08004ece   0x00000002   PAD
    0x08004ed0   0x08004ed0   0x00000020   Data   RO         4241    Region$$Table       anon$$obj.o


    Execution Region RW_IRAM1 (Exec base: 0x20000000, Load base: 0x08004ef0, Size: 0x00000c78, Max: 0x00018000, ABSOLUTE)

    Exec Addr    Load Addr    Size         Type   Attr      Idx    E Section Name        Object

    0x20000000   0x08004ef0   0x00000018   Data   RW          561    .data               main.o
    0x20000018   0x08004f08   0x0000000c   Data   RW         2140    .data               stm32f4xx_hal.o
    0x20000024   0x08004f14   0x00000004   Data   RW         3760    .data               system_stm32f4xx.o
    0x20000028   0x08004f18   0x00000004   Data   RW         4215    .data               mc_w.l(mvars.o)
    0x2000002c   0x08004f1c   0x00000004   Data   RW         4216    .data               mc_w.l(mvars.o)
    0x20000030        -       0x00000400   Zero   RW           41    .bss                oled.o
    0x20000430        -       0x00000048   Zero   RW          639    .bss                adc.o
    0x20000478        -       0x000000fc   Zero   RW          683    .bss                i2c.o
    0x20000574        -       0x00000100   Zero   RW          741    .bss                tim.o
    0x20000674   0x08004f20   0x00000004   PAD
    0x20000678        -       0x00000200   Zero   RW            2    HEAP                startup_stm32f401xe.o
    0x20000878        -       0x00000400   Zero   RW            1    STACK               startup_stm32f401xe.o


==============================================================================

Image component sizes


      Code (inc. data)   RO Data    RW Data    ZI Data      Debug   Object Name

       192         26          0          0         72       1633   adc.o
       160         14          0          0          0        943   gpio.o
       828         48          0          0          0       8046   gy906.o
       488         70          0          0        252       3007   i2c.o
       738        106          0         24          0       3101   main.o
       912         42          0          0       1024     433663   oled.o
         0          0       2090          0          0        591   oled_data.o
        72         18          0          0          0       1618   pwm driver.o
        36          8        404          0       1536        820   startup_stm32f401xe.o
       144         24          0         12          0       8529   stm32f4xx_hal.o
      1068         46          0          0          0       5106   stm32f4xx_hal_adc.o
       198         14          0          0          0      33867   stm32f4xx_hal_cortex.o
        42          0          0          0          0       1758   stm32f4xx_hal_dma.o
       424         34          0          0          0       2983   stm32f4xx_hal_gpio.o
      4134         64          0          0          0      25907   stm32f4xx_hal_i2c.o
        52          4          0          0          0        838   stm32f4xx_hal_msp.o
      1312         70          0          0          0       5029   stm32f4xx_hal_rcc.o
      1348         54          0          0          0      13127   stm32f4xx_hal_tim.o
       208         20          0          0          0       2124   stm32f4xx_hal_tim_ex.o
        32          6          0          0          0       4503   stm32f4xx_it.o
        28          6         24          4          0       1115   system_stm32f4xx.o
       880         70          0          0        256       5229   tim.o

    ----------------------------------------------------------------------
     13336        744       2552         40       3144     563537   Object Totals
         0          0         32          0          0          0   (incl. Generated)
        40          0          2          0          4          0   (incl. Padding)

    ----------------------------------------------------------------------

      Code (inc. data)   RO Data    RW Data    ZI Data      Debug   Library Member Name

        72          0          0          0          0        148   fmaxf.o
        72          0          0          0          0        148   fminf.o
         0          0          0          0          0          0   entry.o
         0          0          0          0          0          0   entry10a.o
         0          0          0          0          0          0   entry11a.o
         8          4          0          0          0          0   entry2.o
         4          0          0          0          0          0   entry5.o
         0          0          0          0          0          0   entry7b.o
         0          0          0          0          0          0   entry8b.o
         8          4          0          0          0          0   entry9a.o
        30          0          0          0          0          0   handlers.o
        36          8          0          0          0         68   init.o
         0          0          0          0          0          0   iusefp.o
        30          0          0          0          0         68   llshl.o
        36          0          0          0          0         68   llsshr.o
        32          0          0          0          0         68   llushr.o
       188         20          0          0          0        160   malloc.o
        36          0          0          0          0        108   memseta.o
         0          0          0          8          0          0   mvars.o
      2272         86          0          0          0        516   printfa.o
        44          0          0          0          0         80   uidiv.o
        98          0          0          0          0         92   uldiv.o
        48          0          0          0          0         68   cdrcmple.o
        56          0          0          0          0         88   d2f.o
       334          0          0          0          0        148   dadd.o
       222          0          0          0          0        100   ddiv.o
       186          0          0          0          0        176   depilogue.o
        48          0          0          0          0         68   dfixul.o
        26          0          0          0          0         76   dfltui.o
       228          0          0          0          0         96   dmul.o
        38          0          0          0          0         68   f2d.o
        54          0          0          0          0         68   fcmp4.o
       110          0          0          0          0        168   fepilogue.o

    ----------------------------------------------------------------------
      4320        122          0          8          0       2648   Library Totals
         4          0          0          0          0          0   (incl. Padding)

    ----------------------------------------------------------------------

      Code (inc. data)   RO Data    RW Data    ZI Data      Debug   Library Name

       144          0          0          0          0        296   m_wm.l
      2822        122          0          8          0       1228   mc_w.l
      1350          0          0          0          0       1124   mf_w.l

    ----------------------------------------------------------------------
      4320        122          0          8          0       2648   Library Totals

    ----------------------------------------------------------------------

==============================================================================


      Code (inc. data)   RO Data    RW Data    ZI Data      Debug   

     17656        866       2552         48       3144     553093   Grand Totals
     17656        866       2552         48       3144     553093   ELF Image Totals
     17656        866       2552         48          0          0   ROM Totals

==============================================================================

    Total RO  Size (Code + RO Data)                20208 (  19.73kB)
    Total RW  Size (RW Data + ZI Data)              3192 (   3.12kB)
    Total ROM Size (Code + RO Data + RW Data)      20256 (  19.78kB)

==============================================================================

