<html>
<body>
<pre>
<h1>µVision Build Log</h1>
<h2>Tool Versions:</h2>
IDE-Version: ¦ÌVision V5.24.2.0
Copyright (C) 2017 ARM Ltd and ARM Germany GmbH. All rights reserved.
License Information: 11 DdxgliN@outlook.com, 11, LIC=HN0AE-5KZFN-LQ10Q-N1BWL-I0FQQ-MUN0Y
 
Tool Versions:
Toolchain:       MDK-ARM Plus  Version: 5.24.1
Toolchain Path:  D:\KEIL5 CORE\ARM\ARMCC\Bin
C Compiler:      Armcc.exe V5.06 update 5 (build 528)
Assembler:       Armasm.exe V5.06 update 5 (build 528)
Linker/Locator:  ArmLink.exe V5.06 update 5 (build 528)
Library Manager: ArmAr.exe V5.06 update 5 (build 528)
Hex Converter:   FromElf.exe V5.06 update 5 (build 528)
CPU DLL:         SARMCM3.DLL V5.24.1
Dialog DLL:      DCM.DLL V1.16.0.0
Target DLL:      STLink\ST-LINKIII-KEIL_SWO.dll V3.0.1.0
Dialog DLL:      TCM.DLL V1.32.0.0
 
<h2>Project:</h2>
D:\CUBEMX!ROOT\CAR\CAR\MDK-ARM\MY PROJECT.uvprojx
Project File Date:  07/08/2025

<h2>Output:</h2>
*** Using Compiler 'V5.06 update 5 (build 528)', folder: 'D:\KEIL5 CORE\ARM\ARMCC\Bin'
Build target 'MY PROJECT'
assembling startup_stm32f401xe.s...
compiling mpu6050.c...
compiling OLED.c...
..\Hardware\OLED.c(618): warning:  #177-D: variable "pIndex"  was declared but never referenced
      uint16_t pIndex;                                              /* å­—æ¨¡åº“ç´¢å¼? */
..\Hardware\OLED.c: 1 warning, 0 errors
compiling OLED_Data.c...
compiling gpio.c...
compiling GY906.c...
compiling PWM Driver.c...
compiling i2c.c...
compiling stm32f4xx_hal_msp.c...
compiling main.c...
../Core/Src/main.c(163): warning:  #1035-D: single-precision operand implicitly converted to double-precision
      if (temperature > 0.0) {
../Core/Src/main.c: 1 warning, 0 errors
compiling adc.c...
compiling tim.c...
compiling stm32f4xx_it.c...
compiling stm32f4xx_hal_adc.c...
compiling stm32f4xx_hal_adc_ex.c...
compiling stm32f4xx_hal_rcc.c...
compiling stm32f4xx_hal_flash.c...
compiling stm32f4xx_hal_flash_ex.c...
compiling stm32f4xx_hal_flash_ramfunc.c...
compiling stm32f4xx_hal_gpio.c...
compiling stm32f4xx_hal_dma_ex.c...
compiling stm32f4xx_hal_dma.c...
compiling stm32f4xx_hal_pwr_ex.c...
compiling stm32f4xx_hal_rcc_ex.c...
compiling stm32f4xx_hal_cortex.c...
compiling stm32f4xx_hal_pwr.c...
compiling stm32f4xx_hal.c...
compiling stm32f4xx_hal_exti.c...
compiling stm32f4xx_hal_i2c_ex.c...
compiling system_stm32f4xx.c...
compiling stm32f4xx_hal_tim_ex.c...
compiling stm32f4xx_hal_tim.c...
compiling stm32f4xx_hal_i2c.c...
linking...
Program Size: Code=17656 RO-data=2552 RW-data=48 ZI-data=3144  
FromELF: creating hex file...
"MY PROJECT\MY PROJECT.axf" - 0 Error(s), 2 Warning(s).

<h2>Software Packages used:</h2>

Package Vendor: ARM
                http://www.keil.com/pack/ARM.CMSIS.5.0.1.pack
                ARM.CMSIS.5.0.1
                CMSIS (Cortex Microcontroller Software Interface Standard)
   * Component: CORE Version: 5.0.1

Package Vendor: Keil
                https://www.keil.com/pack/Keil.STM32F4xx_DFP.2.17.1.pack
                Keil.STM32F4xx_DFP.2.17.1
                STMicroelectronics STM32F4 Series Device Support, Drivers and Examples

<h2>Collection of Component include folders:</h2>
  .\RTE\_MY_PROJECT
  D:\KEIL5 PACK\ARM\CMSIS\5.0.1\CMSIS\Include
  D:\KEIL5 PACK\Keil\STM32F4xx_DFP\2.17.1\Drivers\CMSIS\Device\ST\STM32F4xx\Include

<h2>Collection of Component Files used:</h2>

   * Component: ARM::CMSIS:CORE:5.0.1
Build Time Elapsed:  00:00:16
</pre>
</body>
</html>
